../Src/main.c:96:5:main	128	static
../Src/main.c:185:6:SystemClock_Config	96	static
../Src/main.c:236:13:MX_I2C2_Init	8	static
../Src/main.c:284:13:MX_USART1_UART_Init	8	static
../Src/main.c:332:13:MX_GPIO_Init	48	static
../Src/main.c:375:6:HAL_GPIO_EXTI_Callback	16	static
../Src/main.c:388:6:StartChangeMode	16	static
../Src/main.c:414:6:StartTransmitData	32	static
../Src/main.c:458:6:StartReadSensorsData	16	static
../Src/main.c:485:6:StartAutoTransition	16	static
../Src/main.c:508:6:HAL_TIM_PeriodElapsedCallback	16	static
../Src/main.c:525:6:Error_Handler	4	static,ignoring_inline_asm
