Archive member included to satisfy reference by file (symbol)

/Applications/STM32CubeIDE.app/Contents/Eclipse/plugins/com.st.stm32cube.ide.mcu.externaltools.gnu-tools-for-stm32.10.3-2021.10.macos64_1.0.0.202111181127/tools/bin/../lib/gcc/arm-none-eabi/10.3.1/../../../../arm-none-eabi/lib/thumb/v7e-m+fp/hard/libc_nano.a(lib_a-errno.o)
                              ./Src/syscalls.o (__errno)
/Applications/STM32CubeIDE.app/Contents/Eclipse/plugins/com.st.stm32cube.ide.mcu.externaltools.gnu-tools-for-stm32.10.3-2021.10.macos64_1.0.0.202111181127/tools/bin/../lib/gcc/arm-none-eabi/10.3.1/../../../../arm-none-eabi/lib/thumb/v7e-m+fp/hard/libc_nano.a(lib_a-exit.o)
                              /Applications/STM32CubeIDE.app/Contents/Eclipse/plugins/com.st.stm32cube.ide.mcu.externaltools.gnu-tools-for-stm32.10.3-2021.10.macos64_1.0.0.202111181127/tools/bin/../lib/gcc/arm-none-eabi/10.3.1/../../../../arm-none-eabi/lib/thumb/v7e-m+fp/hard/crt0.o (exit)
/Applications/STM32CubeIDE.app/Contents/Eclipse/plugins/com.st.stm32cube.ide.mcu.externaltools.gnu-tools-for-stm32.10.3-2021.10.macos64_1.0.0.202111181127/tools/bin/../lib/gcc/arm-none-eabi/10.3.1/../../../../arm-none-eabi/lib/thumb/v7e-m+fp/hard/libc_nano.a(lib_a-impure.o)
                              /Applications/STM32CubeIDE.app/Contents/Eclipse/plugins/com.st.stm32cube.ide.mcu.externaltools.gnu-tools-for-stm32.10.3-2021.10.macos64_1.0.0.202111181127/tools/bin/../lib/gcc/arm-none-eabi/10.3.1/../../../../arm-none-eabi/lib/thumb/v7e-m+fp/hard/libc_nano.a(lib_a-exit.o) (_global_impure_ptr)
/Applications/STM32CubeIDE.app/Contents/Eclipse/plugins/com.st.stm32cube.ide.mcu.externaltools.gnu-tools-for-stm32.10.3-2021.10.macos64_1.0.0.202111181127/tools/bin/../lib/gcc/arm-none-eabi/10.3.1/../../../../arm-none-eabi/lib/thumb/v7e-m+fp/hard/libc_nano.a(lib_a-init.o)
                              /Applications/STM32CubeIDE.app/Contents/Eclipse/plugins/com.st.stm32cube.ide.mcu.externaltools.gnu-tools-for-stm32.10.3-2021.10.macos64_1.0.0.202111181127/tools/bin/../lib/gcc/arm-none-eabi/10.3.1/../../../../arm-none-eabi/lib/thumb/v7e-m+fp/hard/crt0.o (__libc_init_array)
/Applications/STM32CubeIDE.app/Contents/Eclipse/plugins/com.st.stm32cube.ide.mcu.externaltools.gnu-tools-for-stm32.10.3-2021.10.macos64_1.0.0.202111181127/tools/bin/../lib/gcc/arm-none-eabi/10.3.1/../../../../arm-none-eabi/lib/thumb/v7e-m+fp/hard/libc_nano.a(lib_a-memcpy-stub.o)
                              ./Middlewares/Third_Party/FreeRTOS/Source/queue.o (memcpy)
/Applications/STM32CubeIDE.app/Contents/Eclipse/plugins/com.st.stm32cube.ide.mcu.externaltools.gnu-tools-for-stm32.10.3-2021.10.macos64_1.0.0.202111181127/tools/bin/../lib/gcc/arm-none-eabi/10.3.1/../../../../arm-none-eabi/lib/thumb/v7e-m+fp/hard/libc_nano.a(lib_a-memset.o)
                              /Applications/STM32CubeIDE.app/Contents/Eclipse/plugins/com.st.stm32cube.ide.mcu.externaltools.gnu-tools-for-stm32.10.3-2021.10.macos64_1.0.0.202111181127/tools/bin/../lib/gcc/arm-none-eabi/10.3.1/../../../../arm-none-eabi/lib/thumb/v7e-m+fp/hard/crt0.o (memset)
/Applications/STM32CubeIDE.app/Contents/Eclipse/plugins/com.st.stm32cube.ide.mcu.externaltools.gnu-tools-for-stm32.10.3-2021.10.macos64_1.0.0.202111181127/tools/bin/../lib/gcc/arm-none-eabi/10.3.1/../../../../arm-none-eabi/lib/thumb/v7e-m+fp/hard/libc_nano.a(lib_a-sprintf.o)
                              ./Src/main.o (sprintf)
/Applications/STM32CubeIDE.app/Contents/Eclipse/plugins/com.st.stm32cube.ide.mcu.externaltools.gnu-tools-for-stm32.10.3-2021.10.macos64_1.0.0.202111181127/tools/bin/../lib/gcc/arm-none-eabi/10.3.1/../../../../arm-none-eabi/lib/thumb/v7e-m+fp/hard/libc_nano.a(lib_a-strlen.o)
                              ./Src/main.o (strlen)
/Applications/STM32CubeIDE.app/Contents/Eclipse/plugins/com.st.stm32cube.ide.mcu.externaltools.gnu-tools-for-stm32.10.3-2021.10.macos64_1.0.0.202111181127/tools/bin/../lib/gcc/arm-none-eabi/10.3.1/../../../../arm-none-eabi/lib/thumb/v7e-m+fp/hard/libc_nano.a(lib_a-nano-svfprintf.o)
                              /Applications/STM32CubeIDE.app/Contents/Eclipse/plugins/com.st.stm32cube.ide.mcu.externaltools.gnu-tools-for-stm32.10.3-2021.10.macos64_1.0.0.202111181127/tools/bin/../lib/gcc/arm-none-eabi/10.3.1/../../../../arm-none-eabi/lib/thumb/v7e-m+fp/hard/libc_nano.a(lib_a-sprintf.o) (_svfprintf_r)
/Applications/STM32CubeIDE.app/Contents/Eclipse/plugins/com.st.stm32cube.ide.mcu.externaltools.gnu-tools-for-stm32.10.3-2021.10.macos64_1.0.0.202111181127/tools/bin/../lib/gcc/arm-none-eabi/10.3.1/../../../../arm-none-eabi/lib/thumb/v7e-m+fp/hard/libc_nano.a(lib_a-nano-vfprintf_i.o)
                              /Applications/STM32CubeIDE.app/Contents/Eclipse/plugins/com.st.stm32cube.ide.mcu.externaltools.gnu-tools-for-stm32.10.3-2021.10.macos64_1.0.0.202111181127/tools/bin/../lib/gcc/arm-none-eabi/10.3.1/../../../../arm-none-eabi/lib/thumb/v7e-m+fp/hard/libc_nano.a(lib_a-nano-svfprintf.o) (_printf_i)
[...]
Memory Configuration

Name             Origin             Length             Attributes
RAM              0x0000000020000000 0x00000000000a0000 xrw
RAM2             0x0000000010000000 0x0000000000010000 xrw
RAM3             0x0000000020040000 0x0000000000060000 xrw
FLASH            0x0000000008000000 0x0000000000200000 xr
*default*        0x0000000000000000 0xffffffffffffffff

Linker script and memory map

LOAD /Applications/STM32CubeIDE.app/Contents/Eclipse/plugins/com.st.stm32cube.ide.mcu.externaltools.gnu-tools-for-stm32.10.3-2021.10.macos64_1.0.0.202111181127/tools/bin/../lib/gcc/arm-none-eabi/10.3.1/thumb/v7e-m+fp/hard/crti.o
LOAD /Applications/STM32CubeIDE.app/Contents/Eclipse/plugins/com.st.stm32cube.ide.mcu.externaltools.gnu-tools-for-stm32.10.3-2021.10.macos64_1.0.0.202111181127/tools/bin/../lib/gcc/arm-none-eabi/10.3.1/thumb/v7e-m+fp/hard/crtbegin.o
LOAD /Applications/STM32CubeIDE.app/Contents/Eclipse/plugins/com.st.stm32cube.ide.mcu.externaltools.gnu-tools-for-stm32.10.3-2021.10.macos64_1.0.0.202111181127/tools/bin/../lib/gcc/arm-none-eabi/10.3.1/../../../../arm-none-eabi/lib/thumb/v7e-m+fp/hard/crt0.o
LOAD ./Drivers/STM32L4xx_HAL_Driver/Src/stm32l4xx_hal.o
LOAD ./Drivers/STM32L4xx_HAL_Driver/Src/stm32l4xx_hal_cortex.o
LOAD ./Drivers/STM32L4xx_HAL_Driver/Src/stm32l4xx_hal_dma.o
LOAD ./Drivers/STM32L4xx_HAL_Driver/Src/stm32l4xx_hal_dma_ex.o
LOAD ./Drivers/STM32L4xx_HAL_Driver/Src/stm32l4xx_hal_exti.o
LOAD ./Drivers/STM32L4xx_HAL_Driver/Src/stm32l4xx_hal_flash.o
LOAD ./Drivers/STM32L4xx_HAL_Driver/Src/stm32l4xx_hal_flash_ex.o
LOAD ./Drivers/STM32L4xx_HAL_Driver/Src/stm32l4xx_hal_flash_ramfunc.o
LOAD ./Drivers/STM32L4xx_HAL_Driver/Src/stm32l4xx_hal_gpio.o
LOAD ./Drivers/STM32L4xx_HAL_Driver/Src/stm32l4xx_hal_i2c.o
LOAD ./Drivers/STM32L4xx_HAL_Driver/Src/stm32l4xx_hal_i2c_ex.o
LOAD ./Drivers/STM32L4xx_HAL_Driver/Src/stm32l4xx_hal_pwr.o
LOAD ./Drivers/STM32L4xx_HAL_Driver/Src/stm32l4xx_hal_pwr_ex.o
LOAD ./Drivers/STM32L4xx_HAL_Driver/Src/stm32l4xx_hal_rcc.o
LOAD ./Drivers/STM32L4xx_HAL_Driver/Src/stm32l4xx_hal_rcc_ex.o
LOAD ./Drivers/STM32L4xx_HAL_Driver/Src/stm32l4xx_hal_tim.o
LOAD ./Drivers/STM32L4xx_HAL_Driver/Src/stm32l4xx_hal_tim_ex.o
LOAD ./Drivers/STM32L4xx_HAL_Driver/Src/stm32l4xx_hal_uart.o
LOAD ./Drivers/STM32L4xx_HAL_Driver/Src/stm32l4xx_hal_uart_ex.o
LOAD ./Middlewares/Third_Party/FreeRTOS/Source/CMSIS_RTOS/cmsis_os.o
LOAD ./Middlewares/Third_Party/FreeRTOS/Source/croutine.o
LOAD ./Middlewares/Third_Party/FreeRTOS/Source/event_groups.o
LOAD ./Middlewares/Third_Party/FreeRTOS/Source/list.o
LOAD ./Middlewares/Third_Party/FreeRTOS/Source/queue.o
LOAD ./Middlewares/Third_Party/FreeRTOS/Source/stream_buffer.o
LOAD ./Middlewares/Third_Party/FreeRTOS/Source/tasks.o
LOAD ./Middlewares/Third_Party/FreeRTOS/Source/timers.o
LOAD ./Middlewares/Third_Party/FreeRTOS/Source/portable/GCC/ARM_CM4F/port.o
LOAD ./Middlewares/Third_Party/FreeRTOS/Source/portable/MemMang/heap_4.o
LOAD ./Src/freertos.o
LOAD ./Src/hts221.o
LOAD ./Src/lis3mdl.o
LOAD ./Src/lps22hb.o
LOAD ./Src/lsm6dsl.o
LOAD ./Src/main.o
LOAD ./Src/stm32l4s5i_iot01.o
LOAD ./Src/stm32l4s5i_iot01_accelero.o
LOAD ./Src/stm32l4s5i_iot01_gyro.o
LOAD ./Src/stm32l4s5i_iot01_hsensor.o
LOAD ./Src/stm32l4s5i_iot01_magneto.o
LOAD ./Src/stm32l4s5i_iot01_psensor.o
LOAD ./Src/stm32l4xx_hal_msp.o
LOAD ./Src/stm32l4xx_hal_timebase_tim.o
LOAD ./Src/stm32l4xx_it.o
LOAD ./Src/syscalls.o
LOAD ./Src/sysmem.o
LOAD ./Src/system_stm32l4xx.o
LOAD ./Startup/startup_stm32l4s5vitx.o
START GROUP
LOAD /Applications/STM32CubeIDE.app/Contents/Eclipse/plugins/com.st.stm32cube.ide.mcu.externaltools.gnu-tools-for-stm32.10.3-2021.10.macos64_1.0.0.202111181127/tools/bin/../lib/gcc/arm-none-eabi/10.3.1/../../../../arm-none-eabi/lib/thumb/v7e-m+fp/hard/libc_nano.a
LOAD /Applications/STM32CubeIDE.app/Contents/Eclipse/plugins/com.st.stm32cube.ide.mcu.externaltools.gnu-tools-for-stm32.10.3-2021.10.macos64_1.0.0.202111181127/tools/bin/../lib/gcc/arm-none-eabi/10.3.1/../../../../arm-none-eabi/lib/thumb/v7e-m+fp/hard/libm.a
END GROUP
START GROUP
LOAD /Applications/STM32CubeIDE.app/Contents/Eclipse/plugins/com.st.stm32cube.ide.mcu.externaltools.gnu-tools-for-stm32.10.3-2021.10.macos64_1.0.0.202111181127/tools/bin/../lib/gcc/arm-none-eabi/10.3.1/thumb/v7e-m+fp/hard/libgcc.a
LOAD /Applications/STM32CubeIDE.app/Contents/Eclipse/plugins/com.st.stm32cube.ide.mcu.externaltools.gnu-tools-for-stm32.10.3-2021.10.macos64_1.0.0.202111181127/tools/bin/../lib/gcc/arm-none-eabi/10.3.1/../../../../arm-none-eabi/lib/thumb/v7e-m+fp/hard/libc_nano.a
END GROUP
START GROUP
LOAD /Applications/STM32CubeIDE.app/Contents/Eclipse/plugins/com.st.stm32cube.ide.mcu.externaltools.gnu-tools-for-stm32.10.3-2021.10.macos64_1.0.0.202111181127/tools/bin/../lib/gcc/arm-none-eabi/10.3.1/thumb/v7e-m+fp/hard/libgcc.a
LOAD /Applications/STM32CubeIDE.app/Contents/Eclipse/plugins/com.st.stm32cube.ide.mcu.externaltools.gnu-tools-for-stm32.10.3-2021.10.macos64_1.0.0.202111181127/tools/bin/../lib/gcc/arm-none-eabi/10.3.1/../../../../arm-none-eabi/lib/thumb/v7e-m+fp/hard/libc_nano.a
LOAD /Applications/STM32CubeIDE.app/Contents/Eclipse/plugins/com.st.stm32cube.ide.mcu.externaltools.gnu-tools-for-stm32.10.3-2021.10.macos64_1.0.0.202111181127/tools/bin/../lib/gcc/arm-none-eabi/10.3.1/../../../../arm-none-eabi/lib/thumb/v7e-m+fp/hard/libnosys.a
END GROUP
START GROUP
LOAD /Applications/STM32CubeIDE.app/Contents/Eclipse/plugins/com.st.stm32cube.ide.mcu.externaltools.gnu-tools-for-stm32.10.3-2021.10.macos64_1.0.0.202111181127/tools/bin/../lib/gcc/arm-none-eabi/10.3.1/thumb/v7e-m+fp/hard/libgcc.a
LOAD /Applications/STM32CubeIDE.app/Contents/Eclipse/plugins/com.st.stm32cube.ide.mcu.externaltools.gnu-tools-for-stm32.10.3-2021.10.macos64_1.0.0.202111181127/tools/bin/../lib/gcc/arm-none-eabi/10.3.1/../../../../arm-none-eabi/lib/thumb/v7e-m+fp/hard/libc_nano.a
LOAD /Applications/STM32CubeIDE.app/Contents/Eclipse/plugins/com.st.stm32cube.ide.mcu.externaltools.gnu-tools-for-stm32.10.3-2021.10.macos64_1.0.0.202111181127/tools/bin/../lib/gcc/arm-none-eabi/10.3.1/../../../../arm-none-eabi/lib/thumb/v7e-m+fp/hard/libnosys.a
END GROUP
LOAD /Applications/STM32CubeIDE.app/Contents/Eclipse/plugins/com.st.stm32cube.ide.mcu.externaltools.gnu-tools-for-stm32.10.3-2021.10.macos64_1.0.0.202111181127/tools/bin/../lib/gcc/arm-none-eabi/10.3.1/thumb/v7e-m+fp/hard/crtend.o
LOAD /Applications/STM32CubeIDE.app/Contents/Eclipse/plugins/com.st.stm32cube.ide.mcu.externaltools.gnu-tools-for-stm32.10.3-2021.10.macos64_1.0.0.202111181127/tools/bin/../lib/gcc/arm-none-eabi/10.3.1/thumb/v7e-m+fp/hard/crtn.o
                0x00000000200a0000                _estack = (ORIGIN (RAM) + LENGTH (RAM))
                0x0000000000000200                _Min_Heap_Size = 0x200
                0x0000000000000400                _Min_Stack_Size = 0x400

.isr_vector     0x0000000008000000      0x1bc
                0x0000000008000000                . = ALIGN (0x4)
 *(.isr_vector)
 .isr_vector    0x0000000008000000      0x1bc ./Startup/startup_stm32l4s5vitx.o
                0x0000000008000000                g_pfnVectors
                0x00000000080001bc                . = ALIGN (0x4)

.text           0x00000000080001c0     0x79f8
                0x00000000080001c0                . = ALIGN (0x4)
 *(.text)
 .text          0x00000000080001c0       0x40 /Applications/STM32CubeIDE.app/Contents/Eclipse/plugins/com.st.stm32cube.ide.mcu.externaltools.gnu-tools-for-stm32.10.3-2021.10.macos64_1.0.0.202111181127/tools/bin/../lib/gcc/arm-none-eabi/10.3.1/thumb/v7e-m+fp/hard/crtbegin.o
 .text          0x0000000008000200       0x10 /Applications/STM32CubeIDE.app/Contents/Eclipse/plugins/com.st.stm32cube.ide.mcu.externaltools.gnu-tools-for-stm32.10.3-2021.10.macos64_1.0.0.202111181127/tools/bin/../lib/gcc/arm-none-eabi/10.3.1/../../../../arm-none-eabi/lib/thumb/v7e-m+fp/hard/libc_nano.a(lib_a-strlen.o)
                0x0000000008000200                strlen
 .text          0x0000000008000210       0xa0 /Applications/STM32CubeIDE.app/Contents/Eclipse/plugins/com.st.stm32cube.ide.mcu.externaltools.gnu-tools-for-stm32.10.3-2021.10.macos64_1.0.0.202111181127/tools/bin/../lib/gcc/arm-none-eabi/10.3.1/../../../../arm-none-eabi/lib/thumb/v7e-m+fp/hard/libc_nano.a(lib_a-memchr.o)
                0x0000000008000210                memchr
 .text          0x00000000080002b0       0x30 /Applications/STM32CubeIDE.app/Contents/Eclipse/plugins/com.st.stm32cube.ide.mcu.externaltools.gnu-tools-for-stm32.10.3-2021.10.macos64_1.0.0.202111181127/tools/bin/../lib/gcc/arm-none-eabi/10.3.1/thumb/v7e-m+fp/hard/libgcc.a(_aeabi_uldivmod.o)
                0x00000000080002b0                __aeabi_uldivmod
 .text          0x00000000080002e0      0x2d0 /Applications/STM32CubeIDE.app/Contents/Eclipse/plugins/com.st.stm32cube.ide.mcu.externaltools.gnu-tools-for-stm32.10.3-2021.10.macos64_1.0.0.202111181127/tools/bin/../lib/gcc/arm-none-eabi/10.3.1/thumb/v7e-m+fp/hard/libgcc.a(_udivmoddi4.o)
                0x00000000080002e0                __udivmoddi4
 .text          0x00000000080005b0        0x4 /Applications/STM32CubeIDE.app/Contents/Eclipse/plugins/com.st.stm32cube.ide.mcu.externaltools.gnu-tools-for-stm32.10.3-2021.10.macos64_1.0.0.202111181127/tools/bin/../lib/gcc/arm-none-eabi/10.3.1/thumb/v7e-m+fp/hard/libgcc.a(_dvmd_tls.o)
                0x00000000080005b0                __aeabi_ldiv0
                0x00000000080005b0                __aeabi_idiv0
 *(.text*)
 .text.HAL_Init
                0x00000000080005b4       0x30 ./Drivers/STM32L4xx_HAL_Driver/Src/stm32l4xx_hal.o
                0x00000000080005b4                HAL_Init
 .text.HAL_IncTick
                0x00000000080005e4       0x28 ./Drivers/STM32L4xx_HAL_Driver/Src/stm32l4xx_hal.o
                0x00000000080005e4                HAL_IncTick
 .text.HAL_GetTick
                0x000000000800060c       0x18 ./Drivers/STM32L4xx_HAL_Driver/Src/stm32l4xx_hal.o
                0x000000000800060c                HAL_GetTick
 .text.__NVIC_SetPriorityGrouping
                0x0000000008000624       0x48 ./Drivers/STM32L4xx_HAL_Driver/Src/stm32l4xx_hal_cortex.o
 .text.__NVIC_GetPriorityGrouping
                0x000000000800066c       0x1c ./Drivers/STM32L4xx_HAL_Driver/Src/stm32l4xx_hal_cortex.o
 .text.__NVIC_EnableIRQ
                0x0000000008000688       0x3c ./Drivers/STM32L4xx_HAL_Driver/Src/stm32l4xx_hal_cortex.o
 .text.__NVIC_SetPriority
                0x00000000080006c4       0x54 ./Drivers/STM32L4xx_HAL_Driver/Src/stm32l4xx_hal_cortex.o
 .text.NVIC_EncodePriority
                0x0000000008000718       0x66 ./Drivers/STM32L4xx_HAL_Driver/Src/stm32l4xx_hal_cortex.o
 .text.HAL_NVIC_SetPriorityGrouping
                0x000000000800077e       0x16 ./Drivers/STM32L4xx_HAL_Driver/Src/stm32l4xx_hal_cortex.o
                0x000000000800077e                HAL_NVIC_SetPriorityGrouping
 .text.HAL_NVIC_SetPriority
                0x0000000008000794       0x38 ./Drivers/STM32L4xx_HAL_Driver/Src/stm32l4xx_hal_cortex.o
                0x0000000008000794                HAL_NVIC_SetPriority
 .text.HAL_NVIC_EnableIRQ
                0x00000000080007cc       0x1c ./Drivers/STM32L4xx_HAL_Driver/Src/stm32l4xx_hal_cortex.o
                0x00000000080007cc                HAL_NVIC_EnableIRQ
 .text.HAL_GPIO_Init
                0x00000000080007e8      0x324 ./Drivers/STM32L4xx_HAL_Driver/Src/stm32l4xx_hal_gpio.o
                0x00000000080007e8                HAL_GPIO_Init
 .text.HAL_GPIO_DeInit
                0x0000000008000b0c      0x1e4 ./Drivers/STM32L4xx_HAL_Driver/Src/stm32l4xx_hal_gpio.o
                0x0000000008000b0c                HAL_GPIO_DeInit
 .text.HAL_GPIO_WritePin
                0x0000000008000cf0       0x30 ./Drivers/STM32L4xx_HAL_Driver/Src/stm32l4xx_hal_gpio.o
                0x0000000008000cf0                HAL_GPIO_WritePin
 .text.HAL_GPIO_TogglePin
                0x0000000008000d20       0x34 ./Drivers/STM32L4xx_HAL_Driver/Src/stm32l4xx_hal_gpio.o
                0x0000000008000d20                HAL_GPIO_TogglePin
 .text.HAL_GPIO_EXTI_IRQHandler
                0x0000000008000d54       0x30 ./Drivers/STM32L4xx_HAL_Driver/Src/stm32l4xx_hal_gpio.o
                0x0000000008000d54                HAL_GPIO_EXTI_IRQHandler
 .text.HAL_I2C_Init
                0x0000000008000d84      0x11e ./Drivers/STM32L4xx_HAL_Driver/Src/stm32l4xx_hal_i2c.o
                0x0000000008000d84                HAL_I2C_Init
 .text.HAL_I2C_DeInit
                0x0000000008000ea2       0x5e ./Drivers/STM32L4xx_HAL_Driver/Src/stm32l4xx_hal_i2c.o
                0x0000000008000ea2                HAL_I2C_DeInit
 .text.HAL_I2C_Mem_Write
                0x0000000008000f00      0x228 ./Drivers/STM32L4xx_HAL_Driver/Src/stm32l4xx_hal_i2c.o
                0x0000000008000f00                HAL_I2C_Mem_Write
 .text.HAL_I2C_Mem_Read
                0x0000000008001128      0x234 ./Drivers/STM32L4xx_HAL_Driver/Src/stm32l4xx_hal_i2c.o
                0x0000000008001128                HAL_I2C_Mem_Read
 .text.I2C_RequestMemoryWrite
                0x000000000800135c       0xa8 ./Drivers/STM32L4xx_HAL_Driver/Src/stm32l4xx_hal_i2c.o
 .text.I2C_RequestMemoryRead
                0x0000000008001404       0xa8 ./Drivers/STM32L4xx_HAL_Driver/Src/stm32l4xx_hal_i2c.o
 .text.I2C_Flush_TXDR
                0x00000000080014ac       0x48 ./Drivers/STM32L4xx_HAL_Driver/Src/stm32l4xx_hal_i2c.o
 .text.I2C_WaitOnFlagUntilTimeout
                0x00000000080014f4       0x80 ./Drivers/STM32L4xx_HAL_Driver/Src/stm32l4xx_hal_i2c.o
 .text.I2C_WaitOnTXISFlagUntilTimeout
                0x0000000008001574       0x80 ./Drivers/STM32L4xx_HAL_Driver/Src/stm32l4xx_hal_i2c.o
 .text.I2C_WaitOnSTOPFlagUntilTimeout
                0x00000000080015f4       0x78 ./Drivers/STM32L4xx_HAL_Driver/Src/stm32l4xx_hal_i2c.o
 .text.I2C_IsErrorOccurred
                0x000000000800166c      0x1d8 ./Drivers/STM32L4xx_HAL_Driver/Src/stm32l4xx_hal_i2c.o
 .text.I2C_TransferConfig
                0x0000000008001844       0x64 ./Drivers/STM32L4xx_HAL_Driver/Src/stm32l4xx_hal_i2c.o
 .text.HAL_I2CEx_ConfigAnalogFilter
                0x00000000080018a8       0x96 ./Drivers/STM32L4xx_HAL_Driver/Src/stm32l4xx_hal_i2c_ex.o
                0x00000000080018a8                HAL_I2CEx_ConfigAnalogFilter
 .text.HAL_I2CEx_ConfigDigitalFilter
                0x000000000800193e       0x98 ./Drivers/STM32L4xx_HAL_Driver/Src/stm32l4xx_hal_i2c_ex.o
                0x000000000800193e                HAL_I2CEx_ConfigDigitalFilter
 *fill*         0x00000000080019d6        0x2 
 .text.HAL_PWREx_GetVoltageRange
                0x00000000080019d8       0x40 ./Drivers/STM32L4xx_HAL_Driver/Src/stm32l4xx_hal_pwr_ex.o
                0x00000000080019d8                HAL_PWREx_GetVoltageRange
 .text.HAL_PWREx_ControlVoltageScaling
                0x0000000008001a18      0x148 ./Drivers/STM32L4xx_HAL_Driver/Src/stm32l4xx_hal_pwr_ex.o
                0x0000000008001a18                HAL_PWREx_ControlVoltageScaling
 .text.HAL_RCC_OscConfig
                0x0000000008001b60      0x834 ./Drivers/STM32L4xx_HAL_Driver/Src/stm32l4xx_hal_rcc.o
                0x0000000008001b60                HAL_RCC_OscConfig
 .text.HAL_RCC_ClockConfig
                0x0000000008002394      0x274 ./Drivers/STM32L4xx_HAL_Driver/Src/stm32l4xx_hal_rcc.o
                0x0000000008002394                HAL_RCC_ClockConfig
 .text.HAL_RCC_GetSysClockFreq
                0x0000000008002608      0x118 ./Drivers/STM32L4xx_HAL_Driver/Src/stm32l4xx_hal_rcc.o
                0x0000000008002608                HAL_RCC_GetSysClockFreq
 .text.HAL_RCC_GetHCLKFreq
                0x0000000008002720       0x18 ./Drivers/STM32L4xx_HAL_Driver/Src/stm32l4xx_hal_rcc.o
                0x0000000008002720                HAL_RCC_GetHCLKFreq
 .text.HAL_RCC_GetPCLK1Freq
                0x0000000008002738       0x2c ./Drivers/STM32L4xx_HAL_Driver/Src/stm32l4xx_hal_rcc.o
                0x0000000008002738                HAL_RCC_GetPCLK1Freq
 .text.HAL_RCC_GetPCLK2Freq
                0x0000000008002764       0x2c ./Drivers/STM32L4xx_HAL_Driver/Src/stm32l4xx_hal_rcc.o
                0x0000000008002764                HAL_RCC_GetPCLK2Freq
 .text.HAL_RCC_GetClockConfig
                0x0000000008002790       0x64 ./Drivers/STM32L4xx_HAL_Driver/Src/stm32l4xx_hal_rcc.o
                0x0000000008002790                HAL_RCC_GetClockConfig
 .text.RCC_SetFlashLatencyFromMSIRange
                0x00000000080027f4       0xb4 ./Drivers/STM32L4xx_HAL_Driver/Src/stm32l4xx_hal_rcc.o
 .text.RCC_GetSysClockFreqFromPLLSource
                0x00000000080028a8       0xcc ./Drivers/STM32L4xx_HAL_Driver/Src/stm32l4xx_hal_rcc.o
 .text.HAL_RCCEx_PeriphCLKConfig
                0x0000000008002974      0x660 ./Drivers/STM32L4xx_HAL_Driver/Src/stm32l4xx_hal_rcc_ex.o
                0x0000000008002974                HAL_RCCEx_PeriphCLKConfig
 .text.RCCEx_PLLSAI1_Config
                0x0000000008002fd4      0x1e8 ./Drivers/STM32L4xx_HAL_Driver/Src/stm32l4xx_hal_rcc_ex.o
 .text.RCCEx_PLLSAI2_Config
                0x00000000080031bc      0x1e8 ./Drivers/STM32L4xx_HAL_Driver/Src/stm32l4xx_hal_rcc_ex.o
 .text.HAL_TIM_Base_Init
                0x00000000080033a4       0xae ./Drivers/STM32L4xx_HAL_Driver/Src/stm32l4xx_hal_tim.o
                0x00000000080033a4                HAL_TIM_Base_Init
 .text.HAL_TIM_Base_MspInit
                0x0000000008003452       0x14 ./Drivers/STM32L4xx_HAL_Driver/Src/stm32l4xx_hal_tim.o
                0x0000000008003452                HAL_TIM_Base_MspInit
 *fill*         0x0000000008003466        0x2 
 .text.HAL_TIM_Base_Start_IT
                0x0000000008003468       0xe0 ./Drivers/STM32L4xx_HAL_Driver/Src/stm32l4xx_hal_tim.o
                0x0000000008003468                HAL_TIM_Base_Start_IT
 .text.HAL_TIM_IRQHandler
                0x0000000008003548      0x23e ./Drivers/STM32L4xx_HAL_Driver/Src/stm32l4xx_hal_tim.o
                0x0000000008003548                HAL_TIM_IRQHandler
 .text.HAL_TIM_OC_DelayElapsedCallback
                0x0000000008003786       0x14 ./Drivers/STM32L4xx_HAL_Driver/Src/stm32l4xx_hal_tim.o
                0x0000000008003786                HAL_TIM_OC_DelayElapsedCallback
 .text.HAL_TIM_IC_CaptureCallback
                0x000000000800379a       0x14 ./Drivers/STM32L4xx_HAL_Driver/Src/stm32l4xx_hal_tim.o
                0x000000000800379a                HAL_TIM_IC_CaptureCallback
 .text.HAL_TIM_PWM_PulseFinishedCallback
                0x00000000080037ae       0x14 ./Drivers/STM32L4xx_HAL_Driver/Src/stm32l4xx_hal_tim.o
                0x00000000080037ae                HAL_TIM_PWM_PulseFinishedCallback
 .text.HAL_TIM_TriggerCallback
                0x00000000080037c2       0x14 ./Drivers/STM32L4xx_HAL_Driver/Src/stm32l4xx_hal_tim.o
                0x00000000080037c2                HAL_TIM_TriggerCallback
 *fill*         0x00000000080037d6        0x2 
 .text.TIM_Base_SetConfig
                0x00000000080037d8      0x134 ./Drivers/STM32L4xx_HAL_Driver/Src/stm32l4xx_hal_tim.o
                0x00000000080037d8                TIM_Base_SetConfig
 .text.HAL_TIMEx_CommutCallback
                0x000000000800390c       0x14 ./Drivers/STM32L4xx_HAL_Driver/Src/stm32l4xx_hal_tim_ex.o
                0x000000000800390c                HAL_TIMEx_CommutCallback
 .text.HAL_TIMEx_BreakCallback
                0x0000000008003920       0x14 ./Drivers/STM32L4xx_HAL_Driver/Src/stm32l4xx_hal_tim_ex.o
                0x0000000008003920                HAL_TIMEx_BreakCallback
 .text.HAL_TIMEx_Break2Callback
                0x0000000008003934       0x14 ./Drivers/STM32L4xx_HAL_Driver/Src/stm32l4xx_hal_tim_ex.o
                0x0000000008003934                HAL_TIMEx_Break2Callback
 .text.HAL_UART_Init
                0x0000000008003948       0xa0 ./Drivers/STM32L4xx_HAL_Driver/Src/stm32l4xx_hal_uart.o
                0x0000000008003948                HAL_UART_Init
 .text.HAL_UART_Transmit
                0x00000000080039e8      0x12e ./Drivers/STM32L4xx_HAL_Driver/Src/stm32l4xx_hal_uart.o
                0x00000000080039e8                HAL_UART_Transmit
 *fill*         0x0000000008003b16        0x2 
 .text.UART_SetConfig
                0x0000000008003b18      0x5f8 ./Drivers/STM32L4xx_HAL_Driver/Src/stm32l4xx_hal_uart.o
                0x0000000008003b18                UART_SetConfig
 .text.UART_AdvFeatureConfig
                0x0000000008004110      0x144 ./Drivers/STM32L4xx_HAL_Driver/Src/stm32l4xx_hal_uart.o
                0x0000000008004110                UART_AdvFeatureConfig
 .text.UART_CheckIdleState
                0x0000000008004254       0x96 ./Drivers/STM32L4xx_HAL_Driver/Src/stm32l4xx_hal_uart.o
                0x0000000008004254                UART_CheckIdleState
 .text.UART_WaitOnFlagUntilTimeout
                0x00000000080042ea      0x190 ./Drivers/STM32L4xx_HAL_Driver/Src/stm32l4xx_hal_uart.o
                0x00000000080042ea                UART_WaitOnFlagUntilTimeout
 .text.HAL_UARTEx_DisableFifoMode
                0x000000000800447a       0x72 ./Drivers/STM32L4xx_HAL_Driver/Src/stm32l4xx_hal_uart_ex.o
                0x000000000800447a                HAL_UARTEx_DisableFifoMode
 .text.HAL_UARTEx_SetTxFifoThreshold
                0x00000000080044ec       0x7c ./Drivers/STM32L4xx_HAL_Driver/Src/stm32l4xx_hal_uart_ex.o
                0x00000000080044ec                HAL_UARTEx_SetTxFifoThreshold
 .text.HAL_UARTEx_SetRxFifoThreshold
                0x0000000008004568       0x7c ./Drivers/STM32L4xx_HAL_Driver/Src/stm32l4xx_hal_uart_ex.o
                0x0000000008004568                HAL_UARTEx_SetRxFifoThreshold
 .text.UARTEx_SetNbDataToProcess
                0x00000000080045e4       0x9c ./Drivers/STM32L4xx_HAL_Driver/Src/stm32l4xx_hal_uart_ex.o
 .text.makeFreeRtosPriority
                0x0000000008004680       0x30 ./Middlewares/Third_Party/FreeRTOS/Source/CMSIS_RTOS/cmsis_os.o
 .text.osKernelStart
                0x00000000080046b0        0xe ./Middlewares/Third_Party/FreeRTOS/Source/CMSIS_RTOS/cmsis_os.o
                0x00000000080046b0                osKernelStart
 .text.osThreadCreate
                0x00000000080046be       0x98 ./Middlewares/Third_Party/FreeRTOS/Source/CMSIS_RTOS/cmsis_os.o
                0x00000000080046be                osThreadCreate
 .text.osDelay  0x0000000008004756       0x28 ./Middlewares/Third_Party/FreeRTOS/Source/CMSIS_RTOS/cmsis_os.o
                0x0000000008004756                osDelay
 .text.vListInitialise
                0x000000000800477e       0x40 ./Middlewares/Third_Party/FreeRTOS/Source/list.o
                0x000000000800477e                vListInitialise
 .text.vListInitialiseItem
                0x00000000080047be       0x1a ./Middlewares/Third_Party/FreeRTOS/Source/list.o
                0x00000000080047be                vListInitialiseItem
 .text.vListInsertEnd
                0x00000000080047d8       0x48 ./Middlewares/Third_Party/FreeRTOS/Source/list.o
                0x00000000080047d8                vListInsertEnd
 .text.vListInsert
                0x0000000008004820       0x72 ./Middlewares/Third_Party/FreeRTOS/Source/list.o
                0x0000000008004820                vListInsert
 .text.uxListRemove
                0x0000000008004892       0x54 ./Middlewares/Third_Party/FreeRTOS/Source/list.o
                0x0000000008004892                uxListRemove
 .text.xTaskCreateStatic
                0x00000000080048e6       0xba ./Middlewares/Third_Party/FreeRTOS/Source/tasks.o
                0x00000000080048e6                xTaskCreateStatic
 .text.xTaskCreate
                0x00000000080049a0       0x8a ./Middlewares/Third_Party/FreeRTOS/Source/tasks.o
                0x00000000080049a0                xTaskCreate
 .text.prvInitialiseNewTask
                0x0000000008004a2a      0x10e ./Middlewares/Third_Party/FreeRTOS/Source/tasks.o
 .text.prvAddNewTaskToReadyList
                0x0000000008004b38       0xd4 ./Middlewares/Third_Party/FreeRTOS/Source/tasks.o
 .text.vTaskDelay
                0x0000000008004c0c       0x68 ./Middlewares/Third_Party/FreeRTOS/Source/tasks.o
                0x0000000008004c0c                vTaskDelay
 .text.vTaskStartScheduler
                0x0000000008004c74       0xc0 ./Middlewares/Third_Party/FreeRTOS/Source/tasks.o
                0x0000000008004c74                vTaskStartScheduler
 .text.vTaskSuspendAll
                0x0000000008004d34       0x1c ./Middlewares/Third_Party/FreeRTOS/Source/tasks.o
                0x0000000008004d34                vTaskSuspendAll
 .text.xTaskResumeAll
                0x0000000008004d50      0x138 ./Middlewares/Third_Party/FreeRTOS/Source/tasks.o
                0x0000000008004d50                xTaskResumeAll
 .text.xTaskIncrementTick
                0x0000000008004e88      0x170 ./Middlewares/Third_Party/FreeRTOS/Source/tasks.o
                0x0000000008004e88                xTaskIncrementTick
 .text.vTaskSwitchContext
                0x0000000008004ff8       0xb8 ./Middlewares/Third_Party/FreeRTOS/Source/tasks.o
                0x0000000008004ff8                vTaskSwitchContext
 .text.prvIdleTask
                0x00000000080050b0       0x30 ./Middlewares/Third_Party/FreeRTOS/Source/tasks.o
 .text.prvInitialiseTaskLists
                0x00000000080050e0       0x80 ./Middlewares/Third_Party/FreeRTOS/Source/tasks.o
 .text.prvCheckTasksWaitingTermination
                0x0000000008005160       0x5c ./Middlewares/Third_Party/FreeRTOS/Source/tasks.o
 .text.prvDeleteTCB
                0x00000000080051bc       0x5e ./Middlewares/Third_Party/FreeRTOS/Source/tasks.o
 *fill*         0x000000000800521a        0x2 
 .text.prvResetNextTaskUnblockTime
                0x000000000800521c       0x40 ./Middlewares/Third_Party/FreeRTOS/Source/tasks.o
 .text.prvAddCurrentTaskToDelayedList
                0x000000000800525c       0xcc ./Middlewares/Third_Party/FreeRTOS/Source/tasks.o
 .text.pxPortInitialiseStack
                0x0000000008005328       0x68 ./Middlewares/Third_Party/FreeRTOS/Source/portable/GCC/ARM_CM4F/port.o
                0x0000000008005328                pxPortInitialiseStack
 .text.prvTaskExitError
                0x0000000008005390       0x58 ./Middlewares/Third_Party/FreeRTOS/Source/portable/GCC/ARM_CM4F/port.o
 *fill*         0x00000000080053e8        0x8 
 .text.SVC_Handler
                0x00000000080053f0       0x28 ./Middlewares/Third_Party/FreeRTOS/Source/portable/GCC/ARM_CM4F/port.o
                0x00000000080053f0                SVC_Handler
 .text.prvPortStartFirstTask
                0x0000000008005418       0x28 ./Middlewares/Third_Party/FreeRTOS/Source/portable/GCC/ARM_CM4F/port.o
 .text.xPortStartScheduler
                0x0000000008005440      0x144 ./Middlewares/Third_Party/FreeRTOS/Source/portable/GCC/ARM_CM4F/port.o
                0x0000000008005440                xPortStartScheduler
 .text.vPortEnterCritical
                0x0000000008005584       0x60 ./Middlewares/Third_Party/FreeRTOS/Source/portable/GCC/ARM_CM4F/port.o
                0x0000000008005584                vPortEnterCritical
 .text.vPortExitCritical
                0x00000000080055e4       0x54 ./Middlewares/Third_Party/FreeRTOS/Source/portable/GCC/ARM_CM4F/port.o
                0x00000000080055e4                vPortExitCritical
 *fill*         0x0000000008005638        0x8 
 .text.PendSV_Handler
                0x0000000008005640       0x68 ./Middlewares/Third_Party/FreeRTOS/Source/portable/GCC/ARM_CM4F/port.o
                0x0000000008005640                PendSV_Handler
 .text.SysTick_Handler
                0x00000000080056a8       0x44 ./Middlewares/Third_Party/FreeRTOS/Source/portable/GCC/ARM_CM4F/port.o
                0x00000000080056a8                SysTick_Handler
 .text.vPortSetupTimerInterrupt
                0x00000000080056ec       0x48 ./Middlewares/Third_Party/FreeRTOS/Source/portable/GCC/ARM_CM4F/port.o
                0x00000000080056ec                vPortSetupTimerInterrupt
 .text.vPortEnableVFP
                0x0000000008005734       0x14 ./Middlewares/Third_Party/FreeRTOS/Source/portable/GCC/ARM_CM4F/port.o
 .text.pvPortMalloc
                0x0000000008005748      0x198 ./Middlewares/Third_Party/FreeRTOS/Source/portable/MemMang/heap_4.o
                0x0000000008005748                pvPortMalloc
 .text.vPortFree
                0x00000000080058e0       0xc4 ./Middlewares/Third_Party/FreeRTOS/Source/portable/MemMang/heap_4.o
                0x00000000080058e0                vPortFree
 .text.prvHeapInit
                0x00000000080059a4       0xc4 ./Middlewares/Third_Party/FreeRTOS/Source/portable/MemMang/heap_4.o
 .text.prvInsertBlockIntoFreeList
                0x0000000008005a68       0xb4 ./Middlewares/Third_Party/FreeRTOS/Source/portable/MemMang/heap_4.o
 .text.vApplicationGetIdleTaskMemory
                0x0000000008005b1c       0x34 ./Src/freertos.o
                0x0000000008005b1c                vApplicationGetIdleTaskMemory
 .text.LIS3MDL_MagInit
                0x0000000008005b50       0x50 ./Src/lis3mdl.o
                0x0000000008005b50                LIS3MDL_MagInit
 .text.LIS3MDL_MagDeInit
                0x0000000008005ba0       0x3a ./Src/lis3mdl.o
                0x0000000008005ba0                LIS3MDL_MagDeInit
 .text.LIS3MDL_MagReadID
                0x0000000008005bda       0x16 ./Src/lis3mdl.o
                0x0000000008005bda                LIS3MDL_MagReadID
 .text.LIS3MDL_MagLowPower
                0x0000000008005bf0       0x44 ./Src/lis3mdl.o
                0x0000000008005bf0                LIS3MDL_MagLowPower
 .text.LIS3MDL_MagReadXYZ
                0x0000000008005c34      0x10c ./Src/lis3mdl.o
                0x0000000008005c34                LIS3MDL_MagReadXYZ
 .text.LPS22HB_P_Init
                0x0000000008005d40       0x1a ./Src/lps22hb.o
                0x0000000008005d40                LPS22HB_P_Init
 .text.LPS22HB_P_ReadID
                0x0000000008005d5a       0x2c ./Src/lps22hb.o
                0x0000000008005d5a                LPS22HB_P_ReadID
 *fill*         0x0000000008005d86        0x2 
 .text.LPS22HB_P_ReadPressure
                0x0000000008005d88       0xbc ./Src/lps22hb.o
                0x0000000008005d88                LPS22HB_P_ReadPressure
 .text.LPS22HB_Init
                0x0000000008005e44       0x7e ./Src/lps22hb.o
 .text.LSM6DSL_AccInit
                0x0000000008005ec2       0x72 ./Src/lsm6dsl.o
                0x0000000008005ec2                LSM6DSL_AccInit
 .text.LSM6DSL_AccDeInit
                0x0000000008005f34       0x32 ./Src/lsm6dsl.o
                0x0000000008005f34                LSM6DSL_AccDeInit
 .text.LSM6DSL_AccReadID
                0x0000000008005f66       0x16 ./Src/lsm6dsl.o
                0x0000000008005f66                LSM6DSL_AccReadID
 .text.LSM6DSL_AccLowPower
                0x0000000008005f7c       0x44 ./Src/lsm6dsl.o
                0x0000000008005f7c                LSM6DSL_AccLowPower
 .text.LSM6DSL_AccReadXYZ
                0x0000000008005fc0      0x130 ./Src/lsm6dsl.o
                0x0000000008005fc0                LSM6DSL_AccReadXYZ
 .text.LSM6DSL_GyroInit
                0x00000000080060f0       0x72 ./Src/lsm6dsl.o
                0x00000000080060f0                LSM6DSL_GyroInit
 .text.LSM6DSL_GyroDeInit
                0x0000000008006162       0x32 ./Src/lsm6dsl.o
                0x0000000008006162                LSM6DSL_GyroDeInit
 .text.LSM6DSL_GyroReadID
                0x0000000008006194       0x16 ./Src/lsm6dsl.o
                0x0000000008006194                LSM6DSL_GyroReadID
 .text.LSM6DSL_GyroLowPower
                0x00000000080061aa       0x44 ./Src/lsm6dsl.o
                0x00000000080061aa                LSM6DSL_GyroLowPower
 *fill*         0x00000000080061ee        0x2 
 .text.LSM6DSL_GyroReadXYZAngRate
                0x00000000080061f0      0x128 ./Src/lsm6dsl.o
                0x00000000080061f0                LSM6DSL_GyroReadXYZAngRate
 .text.main     0x0000000008006318       0xd4 ./Src/main.o
                0x0000000008006318                main
 .text.SystemClock_Config
                0x00000000080063ec       0xa4 ./Src/main.o
                0x00000000080063ec                SystemClock_Config
 .text.MX_I2C2_Init
                0x0000000008006490       0x80 ./Src/main.o
 .text.MX_USART1_UART_Init
                0x0000000008006510       0x98 ./Src/main.o
 .text.MX_GPIO_Init
                0x00000000080065a8      0x10c ./Src/main.o
 .text.HAL_GPIO_EXTI_Callback
                0x00000000080066b4       0x2c ./Src/main.o
                0x00000000080066b4                HAL_GPIO_EXTI_Callback
 .text.StartChangeMode
                0x00000000080066e0       0x68 ./Src/main.o
                0x00000000080066e0                StartChangeMode
 .text.StartTransmitData
                0x0000000008006748      0x12c ./Src/main.o
                0x0000000008006748                StartTransmitData
 .text.StartReadSensorsData
                0x0000000008006874       0x5c ./Src/main.o
                0x0000000008006874                StartReadSensorsData
 .text.StartAutoTransition
                0x00000000080068d0       0x44 ./Src/main.o
                0x00000000080068d0                StartAutoTransition
 .text.HAL_TIM_PeriodElapsedCallback
                0x0000000008006914       0x24 ./Src/main.o
                0x0000000008006914                HAL_TIM_PeriodElapsedCallback
 .text.Error_Handler
                0x0000000008006938        0xa ./Src/main.o
                0x0000000008006938                Error_Handler
 *fill*         0x0000000008006942        0x2 
 .text.I2Cx_MspInit
                0x0000000008006944       0xb0 ./Src/stm32l4s5i_iot01.o
 .text.I2Cx_Init
                0x00000000080069f4       0x5c ./Src/stm32l4s5i_iot01.o
 .text.I2Cx_ReadMultiple
                0x0000000008006a50       0x5a ./Src/stm32l4s5i_iot01.o
 .text.I2Cx_WriteMultiple
                0x0000000008006aaa       0x5a ./Src/stm32l4s5i_iot01.o
 .text.I2Cx_Error
                0x0000000008006b04       0x20 ./Src/stm32l4s5i_iot01.o
 .text.SENSOR_IO_Init
                0x0000000008006b24       0x14 ./Src/stm32l4s5i_iot01.o
                0x0000000008006b24                SENSOR_IO_Init
 .text.SENSOR_IO_Write
                0x0000000008006b38       0x34 ./Src/stm32l4s5i_iot01.o
                0x0000000008006b38                SENSOR_IO_Write
 .text.SENSOR_IO_Read
                0x0000000008006b6c       0x3c ./Src/stm32l4s5i_iot01.o
                0x0000000008006b6c                SENSOR_IO_Read
 .text.SENSOR_IO_ReadMultiple
                0x0000000008006ba8       0x3c ./Src/stm32l4s5i_iot01.o
                0x0000000008006ba8                SENSOR_IO_ReadMultiple
 .text.BSP_ACCELERO_Init
                0x0000000008006be4       0x7c ./Src/stm32l4s5i_iot01_accelero.o
                0x0000000008006be4                BSP_ACCELERO_Init
 .text.BSP_ACCELERO_AccGetXYZ
                0x0000000008006c60       0x30 ./Src/stm32l4s5i_iot01_accelero.o
                0x0000000008006c60                BSP_ACCELERO_AccGetXYZ
 .text.BSP_GYRO_Init
                0x0000000008006c90       0x84 ./Src/stm32l4s5i_iot01_gyro.o
                0x0000000008006c90                BSP_GYRO_Init
 .text.BSP_GYRO_GetXYZ
                0x0000000008006d14       0x30 ./Src/stm32l4s5i_iot01_gyro.o
                0x0000000008006d14                BSP_GYRO_GetXYZ
 .text.BSP_MAGNETO_Init
                0x0000000008006d44       0x58 ./Src/stm32l4s5i_iot01_magneto.o
                0x0000000008006d44                BSP_MAGNETO_Init
 .text.BSP_MAGNETO_GetXYZ
                0x0000000008006d9c       0x30 ./Src/stm32l4s5i_iot01_magneto.o
                0x0000000008006d9c                BSP_MAGNETO_GetXYZ
 .text.BSP_PSENSOR_Init
                0x0000000008006dcc       0x40 ./Src/stm32l4s5i_iot01_psensor.o
                0x0000000008006dcc                BSP_PSENSOR_Init
 .text.BSP_PSENSOR_ReadPressure
                0x0000000008006e0c       0x1c ./Src/stm32l4s5i_iot01_psensor.o
                0x0000000008006e0c                BSP_PSENSOR_ReadPressure
 .text.HAL_MspInit
                0x0000000008006e28       0x50 ./Src/stm32l4xx_hal_msp.o
                0x0000000008006e28                HAL_MspInit
 .text.HAL_I2C_MspInit
                0x0000000008006e78       0xbc ./Src/stm32l4xx_hal_msp.o
                0x0000000008006e78                HAL_I2C_MspInit
 .text.HAL_I2C_MspDeInit
                0x0000000008006f34       0x48 ./Src/stm32l4xx_hal_msp.o
                0x0000000008006f34                HAL_I2C_MspDeInit
 .text.HAL_UART_MspInit
                0x0000000008006f7c       0xbc ./Src/stm32l4xx_hal_msp.o
                0x0000000008006f7c                HAL_UART_MspInit
 .text.HAL_InitTick
                0x0000000008007038       0xf4 ./Src/stm32l4xx_hal_timebase_tim.o
                0x0000000008007038                HAL_InitTick
 .text.NMI_Handler
                0x000000000800712c        0x6 ./Src/stm32l4xx_it.o
                0x000000000800712c                NMI_Handler
 .text.HardFault_Handler
                0x0000000008007132        0x6 ./Src/stm32l4xx_it.o
                0x0000000008007132                HardFault_Handler
 .text.MemManage_Handler
                0x0000000008007138        0x6 ./Src/stm32l4xx_it.o
                0x0000000008007138                MemManage_Handler
 .text.BusFault_Handler
                0x000000000800713e        0x6 ./Src/stm32l4xx_it.o
                0x000000000800713e                BusFault_Handler
 .text.UsageFault_Handler
                0x0000000008007144        0x6 ./Src/stm32l4xx_it.o
                0x0000000008007144                UsageFault_Handler
 .text.DebugMon_Handler
                0x000000000800714a        0xe ./Src/stm32l4xx_it.o
                0x000000000800714a                DebugMon_Handler
 .text.EXTI15_10_IRQHandler
                0x0000000008007158       0x10 ./Src/stm32l4xx_it.o
                0x0000000008007158                EXTI15_10_IRQHandler
 .text.TIM6_DAC_IRQHandler
                0x0000000008007168       0x14 ./Src/stm32l4xx_it.o
                0x0000000008007168                TIM6_DAC_IRQHandler
 .text._sbrk    0x000000000800717c       0x6c ./Src/sysmem.o
                0x000000000800717c                _sbrk
 .text.SystemInit
                0x00000000080071e8       0x24 ./Src/system_stm32l4xx.o
                0x00000000080071e8                SystemInit
 .text.Reset_Handler
                0x000000000800720c       0x50 ./Startup/startup_stm32l4s5vitx.o
                0x000000000800720c                Reset_Handler
 .text.Default_Handler
                0x000000000800725c        0x2 ./Startup/startup_stm32l4s5vitx.o
                0x000000000800725c                TIM1_BRK_TIM15_IRQHandler
                0x000000000800725c                EXTI2_IRQHandler
                0x000000000800725c                TIM8_TRG_COM_IRQHandler
                0x000000000800725c                TIM8_CC_IRQHandler
                0x000000000800725c                TIM1_CC_IRQHandler
                0x000000000800725c                TSC_IRQHandler
                0x000000000800725c                TAMP_STAMP_IRQHandler
                0x000000000800725c                EXTI3_IRQHandler
                0x000000000800725c                LPTIM2_IRQHandler
                0x000000000800725c                DFSDM1_FLT1_IRQHandler
                0x000000000800725c                GFXMMU_IRQHandler
                0x000000000800725c                I2C3_ER_IRQHandler
                0x000000000800725c                DFSDM1_FLT2_IRQHandler
                0x000000000800725c                EXTI0_IRQHandler
                0x000000000800725c                I2C2_EV_IRQHandler
                0x000000000800725c                CAN1_RX0_IRQHandler
                0x000000000800725c                FPU_IRQHandler
                0x000000000800725c                TIM1_UP_TIM16_IRQHandler
                0x000000000800725c                LTDC_ER_IRQHandler
                0x000000000800725c                SPI1_IRQHandler
                0x000000000800725c                OCTOSPI1_IRQHandler
                0x000000000800725c                DCMI_IRQHandler
                0x000000000800725c                TIM8_UP_IRQHandler
                0x000000000800725c                OCTOSPI2_IRQHandler
                0x000000000800725c                DMA2_Channel2_IRQHandler
                0x000000000800725c                DMA1_Channel4_IRQHandler
                0x000000000800725c                SAI2_IRQHandler
                0x000000000800725c                ADC1_IRQHandler
                0x000000000800725c                DFSDM1_FLT3_IRQHandler
                0x000000000800725c                USART3_IRQHandler
                0x000000000800725c                DMA1_Channel7_IRQHandler
                0x000000000800725c                CAN1_RX1_IRQHandler
                0x000000000800725c                UART5_IRQHandler
                0x000000000800725c                TIM4_IRQHandler
                0x000000000800725c                DMA2_Channel1_IRQHandler
                0x000000000800725c                I2C1_EV_IRQHandler
                0x000000000800725c                DMAMUX1_OVR_IRQHandler
                0x000000000800725c                DMA1_Channel6_IRQHandler
                0x000000000800725c                UART4_IRQHandler
                0x000000000800725c                DMA2_Channel4_IRQHandler
                0x000000000800725c                TIM3_IRQHandler
                0x000000000800725c                RCC_IRQHandler
                0x000000000800725c                DMA1_Channel1_IRQHandler
                0x000000000800725c                Default_Handler
                0x000000000800725c                DMA2_Channel7_IRQHandler
                0x000000000800725c                TIM7_IRQHandler
                0x000000000800725c                SDMMC1_IRQHandler
                0x000000000800725c                TIM5_IRQHandler
                0x000000000800725c                I2C3_EV_IRQHandler
                0x000000000800725c                EXTI9_5_IRQHandler
                0x000000000800725c                RTC_WKUP_IRQHandler
                0x000000000800725c                LTDC_IRQHandler
                0x000000000800725c                PVD_PVM_IRQHandler
                0x000000000800725c                SPI2_IRQHandler
                0x000000000800725c                CAN1_TX_IRQHandler
                0x000000000800725c                DMA2_Channel5_IRQHandler
                0x000000000800725c                DMA1_Channel5_IRQHandler
                0x000000000800725c                EXTI4_IRQHandler
                0x000000000800725c                RNG_IRQHandler
                0x000000000800725c                TIM1_TRG_COM_TIM17_IRQHandler
                0x000000000800725c                DMA1_Channel3_IRQHandler
                0x000000000800725c                COMP_IRQHandler
                0x000000000800725c                HASH_CRS_IRQHandler
                0x000000000800725c                WWDG_IRQHandler
                0x000000000800725c                I2C4_EV_IRQHandler
                0x000000000800725c                LPUART1_IRQHandler
                0x000000000800725c                DMA2_Channel6_IRQHandler
                0x000000000800725c                TIM2_IRQHandler
                0x000000000800725c                DMA2D_IRQHandler
                0x000000000800725c                EXTI1_IRQHandler
                0x000000000800725c                AES_IRQHandler
                0x000000000800725c                USART2_IRQHandler
                0x000000000800725c                DFSDM1_FLT0_IRQHandler
                0x000000000800725c                I2C2_ER_IRQHandler
                0x000000000800725c                DMA1_Channel2_IRQHandler
                0x000000000800725c                TIM8_BRK_IRQHandler
                0x000000000800725c                CAN1_SCE_IRQHandler
                0x000000000800725c                FLASH_IRQHandler
                0x000000000800725c                USART1_IRQHandler
                0x000000000800725c                OTG_FS_IRQHandler
                0x000000000800725c                SPI3_IRQHandler
                0x000000000800725c                I2C1_ER_IRQHandler
                0x000000000800725c                FMC_IRQHandler
                0x000000000800725c                LPTIM1_IRQHandler
                0x000000000800725c                I2C4_ER_IRQHandler
                0x000000000800725c                SAI1_IRQHandler
                0x000000000800725c                DMA2_Channel3_IRQHandler
                0x000000000800725c                RTC_Alarm_IRQHandler
 *fill*         0x000000000800725e        0x2 
 .text.__errno  0x0000000008007260        0xc /Applications/STM32CubeIDE.app/Contents/Eclipse/plugins/com.st.stm32cube.ide.mcu.externaltools.gnu-tools-for-stm32.10.3-2021.10.macos64_1.0.0.202111181127/tools/bin/../lib/gcc/arm-none-eabi/10.3.1/../../../../arm-none-eabi/lib/thumb/v7e-m+fp/hard/libc_nano.a(lib_a-errno.o)
                0x0000000008007260                __errno
 .text.__libc_init_array
                0x000000000800726c       0x48 /Applications/STM32CubeIDE.app/Contents/Eclipse/plugins/com.st.stm32cube.ide.mcu.externaltools.gnu-tools-for-stm32.10.3-2021.10.macos64_1.0.0.202111181127/tools/bin/../lib/gcc/arm-none-eabi/10.3.1/../../../../arm-none-eabi/lib/thumb/v7e-m+fp/hard/libc_nano.a(lib_a-init.o)
                0x000000000800726c                __libc_init_array
 .text.memcpy   0x00000000080072b4       0x1c /Applications/STM32CubeIDE.app/Contents/Eclipse/plugins/com.st.stm32cube.ide.mcu.externaltools.gnu-tools-for-stm32.10.3-2021.10.macos64_1.0.0.202111181127/tools/bin/../lib/gcc/arm-none-eabi/10.3.1/../../../../arm-none-eabi/lib/thumb/v7e-m+fp/hard/libc_nano.a(lib_a-memcpy-stub.o)
                0x00000000080072b4                memcpy
 .text.memset   0x00000000080072d0       0x10 /Applications/STM32CubeIDE.app/Contents/Eclipse/plugins/com.st.stm32cube.ide.mcu.externaltools.gnu-tools-for-stm32.10.3-2021.10.macos64_1.0.0.202111181127/tools/bin/../lib/gcc/arm-none-eabi/10.3.1/../../../../arm-none-eabi/lib/thumb/v7e-m+fp/hard/libc_nano.a(lib_a-memset.o)
                0x00000000080072d0                memset
 .text.sprintf  0x00000000080072e0       0x40 /Applications/STM32CubeIDE.app/Contents/Eclipse/plugins/com.st.stm32cube.ide.mcu.externaltools.gnu-tools-for-stm32.10.3-2021.10.macos64_1.0.0.202111181127/tools/bin/../lib/gcc/arm-none-eabi/10.3.1/../../../../arm-none-eabi/lib/thumb/v7e-m+fp/hard/libc_nano.a(lib_a-sprintf.o)
                0x00000000080072e0                sprintf
                0x00000000080072e0                siprintf
 .text.__ssputs_r
                0x0000000008007320       0xb6 /Applications/STM32CubeIDE.app/Contents/Eclipse/plugins/com.st.stm32cube.ide.mcu.externaltools.gnu-tools-for-stm32.10.3-2021.10.macos64_1.0.0.202111181127/tools/bin/../lib/gcc/arm-none-eabi/10.3.1/../../../../arm-none-eabi/lib/thumb/v7e-m+fp/hard/libc_nano.a(lib_a-nano-svfprintf.o)
                0x0000000008007320                __ssputs_r
 *fill*         0x00000000080073d6        0x2 
 .text._svfprintf_r
                0x00000000080073d8      0x200 /Applications/STM32CubeIDE.app/Contents/Eclipse/plugins/com.st.stm32cube.ide.mcu.externaltools.gnu-tools-for-stm32.10.3-2021.10.macos64_1.0.0.202111181127/tools/bin/../lib/gcc/arm-none-eabi/10.3.1/../../../../arm-none-eabi/lib/thumb/v7e-m+fp/hard/libc_nano.a(lib_a-nano-svfprintf.o)
                0x00000000080073d8                _svfprintf_r
                0x00000000080073d8                _svfiprintf_r
 .text._printf_common
                0x00000000080075d8       0xda /Applications/STM32CubeIDE.app/Contents/Eclipse/plugins/com.st.stm32cube.ide.mcu.externaltools.gnu-tools-for-stm32.10.3-2021.10.macos64_1.0.0.202111181127/tools/bin/../lib/gcc/arm-none-eabi/10.3.1/../../../../arm-none-eabi/lib/thumb/v7e-m+fp/hard/libc_nano.a(lib_a-nano-vfprintf_i.o)
                0x00000000080075d8                _printf_common
 *fill*         0x00000000080076b2        0x2 
 .text._printf_i
                0x00000000080076b4      0x24c /Applications/STM32CubeIDE.app/Contents/Eclipse/plugins/com.st.stm32cube.ide.mcu.externaltools.gnu-tools-for-stm32.10.3-2021.10.macos64_1.0.0.202111181127/tools/bin/../lib/gcc/arm-none-eabi/10.3.1/../../../../arm-none-eabi/lib/thumb/v7e-m+fp/hard/libc_nano.a(lib_a-nano-vfprintf_i.o)
                0x00000000080076b4                _printf_i
 .text.memmove  0x0000000008007900       0x34 /Applications/STM32CubeIDE.app/Contents/Eclipse/plugins/com.st.stm32cube.ide.mcu.externaltools.gnu-tools-for-stm32.10.3-2021.10.macos64_1.0.0.202111181127/tools/bin/../lib/gcc/arm-none-eabi/10.3.1/../../../../arm-none-eabi/lib/thumb/v7e-m+fp/hard/libc_nano.a(lib_a-memmove.o)
                0x0000000008007900                memmove
 .text._free_r  0x0000000008007934       0x98 /Applications/STM32CubeIDE.app/Contents/Eclipse/plugins/com.st.stm32cube.ide.mcu.externaltools.gnu-tools-for-stm32.10.3-2021.10.macos64_1.0.0.202111181127/tools/bin/../lib/gcc/arm-none-eabi/10.3.1/../../../../arm-none-eabi/lib/thumb/v7e-m+fp/hard/libc_nano.a(lib_a-nano-freer.o)
                0x0000000008007934                _free_r
 .text.sbrk_aligned
                0x00000000080079cc       0x40 /Applications/STM32CubeIDE.app/Contents/Eclipse/plugins/com.st.stm32cube.ide.mcu.externaltools.gnu-tools-for-stm32.10.3-2021.10.macos64_1.0.0.202111181127/tools/bin/../lib/gcc/arm-none-eabi/10.3.1/../../../../arm-none-eabi/lib/thumb/v7e-m+fp/hard/libc_nano.a(lib_a-nano-mallocr.o)
 .text._malloc_r
                0x0000000008007a0c       0xe8 /Applications/STM32CubeIDE.app/Contents/Eclipse/plugins/com.st.stm32cube.ide.mcu.externaltools.gnu-tools-for-stm32.10.3-2021.10.macos64_1.0.0.202111181127/tools/bin/../lib/gcc/arm-none-eabi/10.3.1/../../../../arm-none-eabi/lib/thumb/v7e-m+fp/hard/libc_nano.a(lib_a-nano-mallocr.o)
                0x0000000008007a0c                _malloc_r
 .text._realloc_r
                0x0000000008007af4       0x5e /Applications/STM32CubeIDE.app/Contents/Eclipse/plugins/com.st.stm32cube.ide.mcu.externaltools.gnu-tools-for-stm32.10.3-2021.10.macos64_1.0.0.202111181127/tools/bin/../lib/gcc/arm-none-eabi/10.3.1/../../../../arm-none-eabi/lib/thumb/v7e-m+fp/hard/libc_nano.a(lib_a-nano-reallocr.o)
                0x0000000008007af4                _realloc_r
 *fill*         0x0000000008007b52        0x2 
 .text._sbrk_r  0x0000000008007b54       0x20 /Applications/STM32CubeIDE.app/Contents/Eclipse/plugins/com.st.stm32cube.ide.mcu.externaltools.gnu-tools-for-stm32.10.3-2021.10.macos64_1.0.0.202111181127/tools/bin/../lib/gcc/arm-none-eabi/10.3.1/../../../../arm-none-eabi/lib/thumb/v7e-m+fp/hard/libc_nano.a(lib_a-sbrkr.o)
                0x0000000008007b54                _sbrk_r
 .text.__malloc_lock
                0x0000000008007b74        0xc /Applications/STM32CubeIDE.app/Contents/Eclipse/plugins/com.st.stm32cube.ide.mcu.externaltools.gnu-tools-for-stm32.10.3-2021.10.macos64_1.0.0.202111181127/tools/bin/../lib/gcc/arm-none-eabi/10.3.1/../../../../arm-none-eabi/lib/thumb/v7e-m+fp/hard/libc_nano.a(lib_a-mlock.o)
                0x0000000008007b74                __malloc_lock
 .text.__malloc_unlock
                0x0000000008007b80        0xc /Applications/STM32CubeIDE.app/Contents/Eclipse/plugins/com.st.stm32cube.ide.mcu.externaltools.gnu-tools-for-stm32.10.3-2021.10.macos64_1.0.0.202111181127/tools/bin/../lib/gcc/arm-none-eabi/10.3.1/../../../../arm-none-eabi/lib/thumb/v7e-m+fp/hard/libc_nano.a(lib_a-mlock.o)
                0x0000000008007b80                __malloc_unlock
 .text._malloc_usable_size_r
                0x0000000008007b8c       0x10 /Applications/STM32CubeIDE.app/Contents/Eclipse/plugins/com.st.stm32cube.ide.mcu.externaltools.gnu-tools-for-stm32.10.3-2021.10.macos64_1.0.0.202111181127/tools/bin/../lib/gcc/arm-none-eabi/10.3.1/../../../../arm-none-eabi/lib/thumb/v7e-m+fp/hard/libc_nano.a(lib_a-nano-msizer.o)
                0x0000000008007b8c                _malloc_usable_size_r
 .text.__retarget_lock_acquire_recursive
                0x0000000008007b9c        0x2 /Applications/STM32CubeIDE.app/Contents/Eclipse/plugins/com.st.stm32cube.ide.mcu.externaltools.gnu-tools-for-stm32.10.3-2021.10.macos64_1.0.0.202111181127/tools/bin/../lib/gcc/arm-none-eabi/10.3.1/../../../../arm-none-eabi/lib/thumb/v7e-m+fp/hard/libc_nano.a(lib_a-lock.o)
                0x0000000008007b9c                __retarget_lock_acquire_recursive
 .text.__retarget_lock_release_recursive
                0x0000000008007b9e        0x2 /Applications/STM32CubeIDE.app/Contents/Eclipse/plugins/com.st.stm32cube.ide.mcu.externaltools.gnu-tools-for-stm32.10.3-2021.10.macos64_1.0.0.202111181127/tools/bin/../lib/gcc/arm-none-eabi/10.3.1/../../../../arm-none-eabi/lib/thumb/v7e-m+fp/hard/libc_nano.a(lib_a-lock.o)
                0x0000000008007b9e                __retarget_lock_release_recursive
 *(.glue_7)
 .glue_7        0x0000000008007ba0        0x0 linker stubs
 *(.glue_7t)
 .glue_7t       0x0000000008007ba0        0x0 linker stubs
 *(.eh_frame)
 .eh_frame      0x0000000008007ba0        0x0 /Applications/STM32CubeIDE.app/Contents/Eclipse/plugins/com.st.stm32cube.ide.mcu.externaltools.gnu-tools-for-stm32.10.3-2021.10.macos64_1.0.0.202111181127/tools/bin/../lib/gcc/arm-none-eabi/10.3.1/thumb/v7e-m+fp/hard/crtbegin.o
 *(.init)
 .init          0x0000000008007ba0        0x4 /Applications/STM32CubeIDE.app/Contents/Eclipse/plugins/com.st.stm32cube.ide.mcu.externaltools.gnu-tools-for-stm32.10.3-2021.10.macos64_1.0.0.202111181127/tools/bin/../lib/gcc/arm-none-eabi/10.3.1/thumb/v7e-m+fp/hard/crti.o
                0x0000000008007ba0                _init
 .init          0x0000000008007ba4        0x8 /Applications/STM32CubeIDE.app/Contents/Eclipse/plugins/com.st.stm32cube.ide.mcu.externaltools.gnu-tools-for-stm32.10.3-2021.10.macos64_1.0.0.202111181127/tools/bin/../lib/gcc/arm-none-eabi/10.3.1/thumb/v7e-m+fp/hard/crtn.o
 *(.fini)
 .fini          0x0000000008007bac        0x4 /Applications/STM32CubeIDE.app/Contents/Eclipse/plugins/com.st.stm32cube.ide.mcu.externaltools.gnu-tools-for-stm32.10.3-2021.10.macos64_1.0.0.202111181127/tools/bin/../lib/gcc/arm-none-eabi/10.3.1/thumb/v7e-m+fp/hard/crti.o
                0x0000000008007bac                _fini
 .fini          0x0000000008007bb0        0x8 /Applications/STM32CubeIDE.app/Contents/Eclipse/plugins/com.st.stm32cube.ide.mcu.externaltools.gnu-tools-for-stm32.10.3-2021.10.macos64_1.0.0.202111181127/tools/bin/../lib/gcc/arm-none-eabi/10.3.1/thumb/v7e-m+fp/hard/crtn.o
                0x0000000008007bb8                . = ALIGN (0x4)
                0x0000000008007bb8                _etext = .

.vfp11_veneer   0x0000000008007bb8        0x0
 .vfp11_veneer  0x0000000008007bb8        0x0 linker stubs

.v4_bx          0x0000000008007bb8        0x0
 .v4_bx         0x0000000008007bb8        0x0 linker stubs

.iplt           0x0000000008007bb8        0x0
 .iplt          0x0000000008007bb8        0x0 /Applications/STM32CubeIDE.app/Contents/Eclipse/plugins/com.st.stm32cube.ide.mcu.externaltools.gnu-tools-for-stm32.10.3-2021.10.macos64_1.0.0.202111181127/tools/bin/../lib/gcc/arm-none-eabi/10.3.1/thumb/v7e-m+fp/hard/crtbegin.o

.rodata         0x0000000008007bb8      0x1e4
                0x0000000008007bb8                . = ALIGN (0x4)
 *(.rodata)
 .rodata        0x0000000008007bb8        0x5 ./Middlewares/Third_Party/FreeRTOS/Source/tasks.o
 *fill*         0x0000000008007bbd        0x3 
 .rodata        0x0000000008007bc0      0x136 ./Src/main.o
 *(.rodata*)
 *fill*         0x0000000008007cf6        0x2 
 .rodata.UARTPrescTable
                0x0000000008007cf8       0x18 ./Drivers/STM32L4xx_HAL_Driver/Src/stm32l4xx_hal_uart.o
                0x0000000008007cf8                UARTPrescTable
 .rodata.numerator.1
                0x0000000008007d10        0x8 ./Drivers/STM32L4xx_HAL_Driver/Src/stm32l4xx_hal_uart_ex.o
 .rodata.denominator.0
                0x0000000008007d18        0x8 ./Drivers/STM32L4xx_HAL_Driver/Src/stm32l4xx_hal_uart_ex.o
 .rodata.AHBPrescTable
                0x0000000008007d20       0x10 ./Src/system_stm32l4xx.o
                0x0000000008007d20                AHBPrescTable
 .rodata.APBPrescTable
                0x0000000008007d30        0x8 ./Src/system_stm32l4xx.o
                0x0000000008007d30                APBPrescTable
 .rodata.MSIRangeTable
                0x0000000008007d38       0x30 ./Src/system_stm32l4xx.o
                0x0000000008007d38                MSIRangeTable
 .rodata._svfprintf_r.str1.1
                0x0000000008007d68       0x11 /Applications/STM32CubeIDE.app/Contents/Eclipse/plugins/com.st.stm32cube.ide.mcu.externaltools.gnu-tools-for-stm32.10.3-2021.10.macos64_1.0.0.202111181127/tools/bin/../lib/gcc/arm-none-eabi/10.3.1/../../../../arm-none-eabi/lib/thumb/v7e-m+fp/hard/libc_nano.a(lib_a-nano-svfprintf.o)
 .rodata._printf_i.str1.1
                0x0000000008007d79       0x22 /Applications/STM32CubeIDE.app/Contents/Eclipse/plugins/com.st.stm32cube.ide.mcu.externaltools.gnu-tools-for-stm32.10.3-2021.10.macos64_1.0.0.202111181127/tools/bin/../lib/gcc/arm-none-eabi/10.3.1/../../../../arm-none-eabi/lib/thumb/v7e-m+fp/hard/libc_nano.a(lib_a-nano-vfprintf_i.o)
                0x0000000008007d9c                . = ALIGN (0x4)
 *fill*         0x0000000008007d9b        0x1 

.ARM.extab      0x0000000008007d9c        0x0
                0x0000000008007d9c                . = ALIGN (0x4)
 *(.ARM.extab* .gnu.linkonce.armextab.*)
                0x0000000008007d9c                . = ALIGN (0x4)

.ARM            0x0000000008007d9c        0x8
                0x0000000008007d9c                . = ALIGN (0x4)
                0x0000000008007d9c                __exidx_start = .
 *(.ARM.exidx*)
 .ARM.exidx     0x0000000008007d9c        0x8 /Applications/STM32CubeIDE.app/Contents/Eclipse/plugins/com.st.stm32cube.ide.mcu.externaltools.gnu-tools-for-stm32.10.3-2021.10.macos64_1.0.0.202111181127/tools/bin/../lib/gcc/arm-none-eabi/10.3.1/thumb/v7e-m+fp/hard/libgcc.a(_udivmoddi4.o)
                0x0000000008007da4                __exidx_end = .
                0x0000000008007da4                . = ALIGN (0x4)

.rel.dyn        0x0000000008007da4        0x0
 .rel.iplt      0x0000000008007da4        0x0 /Applications/STM32CubeIDE.app/Contents/Eclipse/plugins/com.st.stm32cube.ide.mcu.externaltools.gnu-tools-for-stm32.10.3-2021.10.macos64_1.0.0.202111181127/tools/bin/../lib/gcc/arm-none-eabi/10.3.1/thumb/v7e-m+fp/hard/crtbegin.o

.preinit_array  0x0000000008007da4        0x0
                0x0000000008007da4                . = ALIGN (0x4)
                0x0000000008007da4                PROVIDE (__preinit_array_start = .)
 *(.preinit_array*)
                0x0000000008007da4                PROVIDE (__preinit_array_end = .)
                0x0000000008007da4                . = ALIGN (0x4)

.init_array     0x0000000008007da4        0x4
                0x0000000008007da4                . = ALIGN (0x4)
                0x0000000008007da4                PROVIDE (__init_array_start = .)
 *(SORT_BY_NAME(.init_array.*))
 *(.init_array*)
 .init_array    0x0000000008007da4        0x4 /Applications/STM32CubeIDE.app/Contents/Eclipse/plugins/com.st.stm32cube.ide.mcu.externaltools.gnu-tools-for-stm32.10.3-2021.10.macos64_1.0.0.202111181127/tools/bin/../lib/gcc/arm-none-eabi/10.3.1/thumb/v7e-m+fp/hard/crtbegin.o
                0x0000000008007da8                PROVIDE (__init_array_end = .)
                0x0000000008007da8                . = ALIGN (0x4)

.fini_array     0x0000000008007da8        0x4
                0x0000000008007da8                . = ALIGN (0x4)
                [!provide]                        PROVIDE (__fini_array_start = .)
 *(SORT_BY_NAME(.fini_array.*))
 *(.fini_array*)
 .fini_array    0x0000000008007da8        0x4 /Applications/STM32CubeIDE.app/Contents/Eclipse/plugins/com.st.stm32cube.ide.mcu.externaltools.gnu-tools-for-stm32.10.3-2021.10.macos64_1.0.0.202111181127/tools/bin/../lib/gcc/arm-none-eabi/10.3.1/thumb/v7e-m+fp/hard/crtbegin.o
                [!provide]                        PROVIDE (__fini_array_end = .)
                0x0000000008007dac                . = ALIGN (0x4)
                0x0000000008007dac                _sidata = LOADADDR (.data)

.data           0x0000000020000000      0x11c load address 0x0000000008007dac
                0x0000000020000000                . = ALIGN (0x4)
                0x0000000020000000                _sdata = .
 *(.data)
 *(.data*)
 .data.uwTickPrio
                0x0000000020000000        0x4 ./Drivers/STM32L4xx_HAL_Driver/Src/stm32l4xx_hal.o
                0x0000000020000000                uwTickPrio
 .data.uwTickFreq
                0x0000000020000004        0x1 ./Drivers/STM32L4xx_HAL_Driver/Src/stm32l4xx_hal.o
                0x0000000020000004                uwTickFreq
 *fill*         0x0000000020000005        0x3 
 .data.uxCriticalNesting
                0x0000000020000008        0x4 ./Middlewares/Third_Party/FreeRTOS/Source/portable/GCC/ARM_CM4F/port.o
 .data.Lis3mdlMagDrv
                0x000000002000000c       0x34 ./Src/lis3mdl.o
                0x000000002000000c                Lis3mdlMagDrv
 .data.LPS22HB_P_Drv
                0x0000000020000040        0xc ./Src/lps22hb.o
                0x0000000020000040                LPS22HB_P_Drv
 .data.Lsm6dslAccDrv
                0x000000002000004c       0x34 ./Src/lsm6dsl.o
                0x000000002000004c                Lsm6dslAccDrv
 .data.Lsm6dslGyroDrv
                0x0000000020000080       0x34 ./Src/lsm6dsl.o
                0x0000000020000080                Lsm6dslGyroDrv
 .data.SystemCoreClock
                0x00000000200000b4        0x4 ./Src/system_stm32l4xx.o
                0x00000000200000b4                SystemCoreClock
 .data._impure_ptr
                0x00000000200000b8        0x4 /Applications/STM32CubeIDE.app/Contents/Eclipse/plugins/com.st.stm32cube.ide.mcu.externaltools.gnu-tools-for-stm32.10.3-2021.10.macos64_1.0.0.202111181127/tools/bin/../lib/gcc/arm-none-eabi/10.3.1/../../../../arm-none-eabi/lib/thumb/v7e-m+fp/hard/libc_nano.a(lib_a-impure.o)
                0x00000000200000b8                _impure_ptr
 .data.impure_data
                0x00000000200000bc       0x60 /Applications/STM32CubeIDE.app/Contents/Eclipse/plugins/com.st.stm32cube.ide.mcu.externaltools.gnu-tools-for-stm32.10.3-2021.10.macos64_1.0.0.202111181127/tools/bin/../lib/gcc/arm-none-eabi/10.3.1/../../../../arm-none-eabi/lib/thumb/v7e-m+fp/hard/libc_nano.a(lib_a-impure.o)
 *(.RamFunc)
 *(.RamFunc*)
                0x000000002000011c                . = ALIGN (0x4)
                0x000000002000011c                _edata = .

.igot.plt       0x000000002000011c        0x0 load address 0x0000000008007ec8
 .igot.plt      0x000000002000011c        0x0 /Applications/STM32CubeIDE.app/Contents/Eclipse/plugins/com.st.stm32cube.ide.mcu.externaltools.gnu-tools-for-stm32.10.3-2021.10.macos64_1.0.0.202111181127/tools/bin/../lib/gcc/arm-none-eabi/10.3.1/thumb/v7e-m+fp/hard/crtbegin.o
                0x000000002000011c                . = ALIGN (0x4)

.bss            0x000000002000011c     0x11c0 load address 0x0000000008007ec8
                0x000000002000011c                _sbss = .
                0x000000002000011c                __bss_start__ = _sbss
 *(.bss)
 .bss           0x000000002000011c       0x1c /Applications/STM32CubeIDE.app/Contents/Eclipse/plugins/com.st.stm32cube.ide.mcu.externaltools.gnu-tools-for-stm32.10.3-2021.10.macos64_1.0.0.202111181127/tools/bin/../lib/gcc/arm-none-eabi/10.3.1/thumb/v7e-m+fp/hard/crtbegin.o
 *(.bss*)
 .bss.uwTick    0x0000000020000138        0x4 ./Drivers/STM32L4xx_HAL_Driver/Src/stm32l4xx_hal.o
                0x0000000020000138                uwTick
 .bss.pxCurrentTCB
                0x000000002000013c        0x4 ./Middlewares/Third_Party/FreeRTOS/Source/tasks.o
                0x000000002000013c                pxCurrentTCB
 .bss.pxReadyTasksLists
                0x0000000020000140       0x8c ./Middlewares/Third_Party/FreeRTOS/Source/tasks.o
 .bss.xDelayedTaskList1
                0x00000000200001cc       0x14 ./Middlewares/Third_Party/FreeRTOS/Source/tasks.o
 .bss.xDelayedTaskList2
                0x00000000200001e0       0x14 ./Middlewares/Third_Party/FreeRTOS/Source/tasks.o
 .bss.pxDelayedTaskList
                0x00000000200001f4        0x4 ./Middlewares/Third_Party/FreeRTOS/Source/tasks.o
 .bss.pxOverflowDelayedTaskList
                0x00000000200001f8        0x4 ./Middlewares/Third_Party/FreeRTOS/Source/tasks.o
 .bss.xPendingReadyList
                0x00000000200001fc       0x14 ./Middlewares/Third_Party/FreeRTOS/Source/tasks.o
 .bss.xTasksWaitingTermination
                0x0000000020000210       0x14 ./Middlewares/Third_Party/FreeRTOS/Source/tasks.o
 .bss.uxDeletedTasksWaitingCleanUp
                0x0000000020000224        0x4 ./Middlewares/Third_Party/FreeRTOS/Source/tasks.o
 .bss.xSuspendedTaskList
                0x0000000020000228       0x14 ./Middlewares/Third_Party/FreeRTOS/Source/tasks.o
 .bss.uxCurrentNumberOfTasks
                0x000000002000023c        0x4 ./Middlewares/Third_Party/FreeRTOS/Source/tasks.o
 .bss.xTickCount
                0x0000000020000240        0x4 ./Middlewares/Third_Party/FreeRTOS/Source/tasks.o
 .bss.uxTopReadyPriority
                0x0000000020000244        0x4 ./Middlewares/Third_Party/FreeRTOS/Source/tasks.o
 .bss.xSchedulerRunning
                0x0000000020000248        0x4 ./Middlewares/Third_Party/FreeRTOS/Source/tasks.o
 .bss.xPendedTicks
                0x000000002000024c        0x4 ./Middlewares/Third_Party/FreeRTOS/Source/tasks.o
 .bss.xYieldPending
                0x0000000020000250        0x4 ./Middlewares/Third_Party/FreeRTOS/Source/tasks.o
 .bss.xNumOfOverflows
                0x0000000020000254        0x4 ./Middlewares/Third_Party/FreeRTOS/Source/tasks.o
 .bss.uxTaskNumber
                0x0000000020000258        0x4 ./Middlewares/Third_Party/FreeRTOS/Source/tasks.o
 .bss.xNextTaskUnblockTime
                0x000000002000025c        0x4 ./Middlewares/Third_Party/FreeRTOS/Source/tasks.o
 .bss.xIdleTaskHandle
                0x0000000020000260        0x4 ./Middlewares/Third_Party/FreeRTOS/Source/tasks.o
 .bss.uxSchedulerSuspended
                0x0000000020000264        0x4 ./Middlewares/Third_Party/FreeRTOS/Source/tasks.o
 .bss.ucMaxSysCallPriority
                0x0000000020000268        0x1 ./Middlewares/Third_Party/FreeRTOS/Source/portable/GCC/ARM_CM4F/port.o
 *fill*         0x0000000020000269        0x3 
 .bss.ulMaxPRIGROUPValue
                0x000000002000026c        0x4 ./Middlewares/Third_Party/FreeRTOS/Source/portable/GCC/ARM_CM4F/port.o
 .bss.ucHeap    0x0000000020000270      0xbb8 ./Middlewares/Third_Party/FreeRTOS/Source/portable/MemMang/heap_4.o
 .bss.xStart    0x0000000020000e28        0x8 ./Middlewares/Third_Party/FreeRTOS/Source/portable/MemMang/heap_4.o
 .bss.pxEnd     0x0000000020000e30        0x4 ./Middlewares/Third_Party/FreeRTOS/Source/portable/MemMang/heap_4.o
 .bss.xFreeBytesRemaining
                0x0000000020000e34        0x4 ./Middlewares/Third_Party/FreeRTOS/Source/portable/MemMang/heap_4.o
 .bss.xMinimumEverFreeBytesRemaining
                0x0000000020000e38        0x4 ./Middlewares/Third_Party/FreeRTOS/Source/portable/MemMang/heap_4.o
 .bss.xNumberOfSuccessfulAllocations
                0x0000000020000e3c        0x4 ./Middlewares/Third_Party/FreeRTOS/Source/portable/MemMang/heap_4.o
 .bss.xNumberOfSuccessfulFrees
                0x0000000020000e40        0x4 ./Middlewares/Third_Party/FreeRTOS/Source/portable/MemMang/heap_4.o
 .bss.xBlockAllocatedBit
                0x0000000020000e44        0x4 ./Middlewares/Third_Party/FreeRTOS/Source/portable/MemMang/heap_4.o
 .bss.xIdleTaskTCBBuffer
                0x0000000020000e48       0x54 ./Src/freertos.o
 .bss.xIdleStack
                0x0000000020000e9c      0x200 ./Src/freertos.o
 .bss.hi2c2     0x000000002000109c       0x54 ./Src/main.o
                0x000000002000109c                hi2c2
 .bss.huart1    0x00000000200010f0       0x90 ./Src/main.o
                0x00000000200010f0                huart1
 .bss.changeModeHandle
                0x0000000020001180        0x4 ./Src/main.o
                0x0000000020001180                changeModeHandle
 .bss.transmitDataHandle
                0x0000000020001184        0x4 ./Src/main.o
                0x0000000020001184                transmitDataHandle
 .bss.readSensorsDataHandle
                0x0000000020001188        0x4 ./Src/main.o
                0x0000000020001188                readSensorsDataHandle
 .bss.AutoTransitionHandle
                0x000000002000118c        0x4 ./Src/main.o
                0x000000002000118c                AutoTransitionHandle
 .bss.buttonPressed
                0x0000000020001190        0x1 ./Src/main.o
                0x0000000020001190                buttonPressed
 .bss.mode      0x0000000020001191        0x1 ./Src/main.o
                0x0000000020001191                mode
 .bss.counter   0x0000000020001192        0x1 ./Src/main.o
                0x0000000020001192                counter
 *fill*         0x0000000020001193        0x1 
 .bss.accelerometer
                0x0000000020001194        0x6 ./Src/main.o
                0x0000000020001194                accelerometer
 *fill*         0x000000002000119a        0x2 
 .bss.gyroscope
                0x000000002000119c        0xc ./Src/main.o
                0x000000002000119c                gyroscope
 .bss.magnetometer
                0x00000000200011a8        0x6 ./Src/main.o
                0x00000000200011a8                magnetometer
 *fill*         0x00000000200011ae        0x2 
 .bss.psensor   0x00000000200011b0        0x4 ./Src/main.o
                0x00000000200011b0                psensor
 .bss.str       0x00000000200011b4       0x64 ./Src/main.o
                0x00000000200011b4                str
 .bss.hI2cHandler
                0x0000000020001218       0x54 ./Src/stm32l4s5i_iot01.o
                0x0000000020001218                hI2cHandler
 .bss.AccelerometerDrv
                0x000000002000126c        0x4 ./Src/stm32l4s5i_iot01_accelero.o
 .bss.GyroscopeDrv
                0x0000000020001270        0x4 ./Src/stm32l4s5i_iot01_gyro.o
 .bss.MagnetoDrv
                0x0000000020001274        0x4 ./Src/stm32l4s5i_iot01_magneto.o
 .bss.Psensor_drv
                0x0000000020001278        0x4 ./Src/stm32l4s5i_iot01_psensor.o
 .bss.htim6     0x000000002000127c       0x4c ./Src/stm32l4xx_hal_timebase_tim.o
                0x000000002000127c                htim6
 .bss.__sbrk_heap_end
                0x00000000200012c8        0x4 ./Src/sysmem.o
 .bss.__malloc_free_list
                0x00000000200012cc        0x4 /Applications/STM32CubeIDE.app/Contents/Eclipse/plugins/com.st.stm32cube.ide.mcu.externaltools.gnu-tools-for-stm32.10.3-2021.10.macos64_1.0.0.202111181127/tools/bin/../lib/gcc/arm-none-eabi/10.3.1/../../../../arm-none-eabi/lib/thumb/v7e-m+fp/hard/libc_nano.a(lib_a-nano-mallocr.o)
                0x00000000200012cc                __malloc_free_list
 .bss.__malloc_sbrk_start
                0x00000000200012d0        0x4 /Applications/STM32CubeIDE.app/Contents/Eclipse/plugins/com.st.stm32cube.ide.mcu.externaltools.gnu-tools-for-stm32.10.3-2021.10.macos64_1.0.0.202111181127/tools/bin/../lib/gcc/arm-none-eabi/10.3.1/../../../../arm-none-eabi/lib/thumb/v7e-m+fp/hard/libc_nano.a(lib_a-nano-mallocr.o)
                0x00000000200012d0                __malloc_sbrk_start
 .bss.errno     0x00000000200012d4        0x4 /Applications/STM32CubeIDE.app/Contents/Eclipse/plugins/com.st.stm32cube.ide.mcu.externaltools.gnu-tools-for-stm32.10.3-2021.10.macos64_1.0.0.202111181127/tools/bin/../lib/gcc/arm-none-eabi/10.3.1/../../../../arm-none-eabi/lib/thumb/v7e-m+fp/hard/libc_nano.a(lib_a-reent.o)
                0x00000000200012d4                errno
 .bss.__lock___malloc_recursive_mutex
                0x00000000200012d8        0x1 /Applications/STM32CubeIDE.app/Contents/Eclipse/plugins/com.st.stm32cube.ide.mcu.externaltools.gnu-tools-for-stm32.10.3-2021.10.macos64_1.0.0.202111181127/tools/bin/../lib/gcc/arm-none-eabi/10.3.1/../../../../arm-none-eabi/lib/thumb/v7e-m+fp/hard/libc_nano.a(lib_a-lock.o)
                0x00000000200012d8                __lock___malloc_recursive_mutex
 *(COMMON)
                0x00000000200012dc                . = ALIGN (0x4)
 *fill*         0x00000000200012d9        0x3 
                0x00000000200012dc                _ebss = .
                0x00000000200012dc                __bss_end__ = _ebss

._user_heap_stack
                0x00000000200012dc      0x604 load address 0x0000000008007ec8
                0x00000000200012e0                . = ALIGN (0x8)
 *fill*         0x00000000200012dc        0x4 
                [!provide]                        PROVIDE (end = .)
                0x00000000200012e0                PROVIDE (_end = .)
                0x00000000200014e0                . = (. + _Min_Heap_Size)
 *fill*         0x00000000200012e0      0x200 
                0x00000000200018e0                . = (. + _Min_Stack_Size)
 *fill*         0x00000000200014e0      0x400 
                0x00000000200018e0                . = ALIGN (0x8)

/DISCARD/
 libc.a(*)
 libm.a(*)
 libgcc.a(*)

.ARM.attributes
                0x0000000000000000       0x30
 *(.ARM.attributes)
 .ARM.attributes
                0x0000000000000000       0x1e /Applications/STM32CubeIDE.app/Contents/Eclipse/plugins/com.st.stm32cube.ide.mcu.externaltools.gnu-tools-for-stm32.10.3-2021.10.macos64_1.0.0.202111181127/tools/bin/../lib/gcc/arm-none-eabi/10.3.1/thumb/v7e-m+fp/hard/crti.o
 .ARM.attributes
                0x000000000000001e       0x34 /Applications/STM32CubeIDE.app/Contents/Eclipse/plugins/com.st.stm32cube.ide.mcu.externaltools.gnu-tools-for-stm32.10.3-2021.10.macos64_1.0.0.202111181127/tools/bin/../lib/gcc/arm-none-eabi/10.3.1/thumb/v7e-m+fp/hard/crtbegin.o
 .ARM.attributes
                0x0000000000000052       0x34 ./Drivers/STM32L4xx_HAL_Driver/Src/stm32l4xx_hal.o
 .ARM.attributes
                0x0000000000000086       0x34 ./Drivers/STM32L4xx_HAL_Driver/Src/stm32l4xx_hal_cortex.o
 .ARM.attributes
                0x00000000000000ba       0x34 ./Drivers/STM32L4xx_HAL_Driver/Src/stm32l4xx_hal_gpio.o
 .ARM.attributes
                0x00000000000000ee       0x34 ./Drivers/STM32L4xx_HAL_Driver/Src/stm32l4xx_hal_i2c.o
 .ARM.attributes
                0x0000000000000122       0x34 ./Drivers/STM32L4xx_HAL_Driver/Src/stm32l4xx_hal_i2c_ex.o
 .ARM.attributes
                0x0000000000000156       0x34 ./Drivers/STM32L4xx_HAL_Driver/Src/stm32l4xx_hal_pwr_ex.o
 .ARM.attributes
                0x000000000000018a       0x34 ./Drivers/STM32L4xx_HAL_Driver/Src/stm32l4xx_hal_rcc.o
 .ARM.attributes
                0x00000000000001be       0x34 ./Drivers/STM32L4xx_HAL_Driver/Src/stm32l4xx_hal_rcc_ex.o
 .ARM.attributes
                0x00000000000001f2       0x34 ./Drivers/STM32L4xx_HAL_Driver/Src/stm32l4xx_hal_tim.o
 .ARM.attributes
                0x0000000000000226       0x34 ./Drivers/STM32L4xx_HAL_Driver/Src/stm32l4xx_hal_tim_ex.o
 .ARM.attributes
                0x000000000000025a       0x34 ./Drivers/STM32L4xx_HAL_Driver/Src/stm32l4xx_hal_uart.o
 .ARM.attributes
                0x000000000000028e       0x34 ./Drivers/STM32L4xx_HAL_Driver/Src/stm32l4xx_hal_uart_ex.o
 .ARM.attributes
                0x00000000000002c2       0x34 ./Middlewares/Third_Party/FreeRTOS/Source/CMSIS_RTOS/cmsis_os.o
 .ARM.attributes
                0x00000000000002f6       0x34 ./Middlewares/Third_Party/FreeRTOS/Source/list.o
 .ARM.attributes
                0x000000000000032a       0x34 ./Middlewares/Third_Party/FreeRTOS/Source/tasks.o
 .ARM.attributes
                0x000000000000035e       0x34 ./Middlewares/Third_Party/FreeRTOS/Source/portable/GCC/ARM_CM4F/port.o
 .ARM.attributes
                0x0000000000000392       0x34 ./Middlewares/Third_Party/FreeRTOS/Source/portable/MemMang/heap_4.o
 .ARM.attributes
                0x00000000000003c6       0x34 ./Src/freertos.o
 .ARM.attributes
                0x00000000000003fa       0x34 ./Src/lis3mdl.o
 .ARM.attributes
                0x000000000000042e       0x34 ./Src/lps22hb.o
 .ARM.attributes
                0x0000000000000462       0x34 ./Src/lsm6dsl.o
 .ARM.attributes
                0x0000000000000496       0x34 ./Src/main.o
 .ARM.attributes
                0x00000000000004ca       0x34 ./Src/stm32l4s5i_iot01.o
 .ARM.attributes
                0x00000000000004fe       0x34 ./Src/stm32l4s5i_iot01_accelero.o
 .ARM.attributes
                0x0000000000000532       0x34 ./Src/stm32l4s5i_iot01_gyro.o
 .ARM.attributes
                0x0000000000000566       0x34 ./Src/stm32l4s5i_iot01_magneto.o
 .ARM.attributes
                0x000000000000059a       0x34 ./Src/stm32l4s5i_iot01_psensor.o
 .ARM.attributes
                0x00000000000005ce       0x34 ./Src/stm32l4xx_hal_msp.o
 .ARM.attributes
                0x0000000000000602       0x34 ./Src/stm32l4xx_hal_timebase_tim.o
 .ARM.attributes
                0x0000000000000636       0x34 ./Src/stm32l4xx_it.o
 .ARM.attributes
                0x000000000000066a       0x34 ./Src/sysmem.o
 .ARM.attributes
                0x000000000000069e       0x34 ./Src/system_stm32l4xx.o
 .ARM.attributes
                0x00000000000006d2       0x21 ./Startup/startup_stm32l4s5vitx.o
 .ARM.attributes
                0x00000000000006f3       0x34 /Applications/STM32CubeIDE.app/Contents/Eclipse/plugins/com.st.stm32cube.ide.mcu.externaltools.gnu-tools-for-stm32.10.3-2021.10.macos64_1.0.0.202111181127/tools/bin/../lib/gcc/arm-none-eabi/10.3.1/../../../../arm-none-eabi/lib/thumb/v7e-m+fp/hard/libc_nano.a(lib_a-errno.o)
 .ARM.attributes
                0x0000000000000727       0x34 /Applications/STM32CubeIDE.app/Contents/Eclipse/plugins/com.st.stm32cube.ide.mcu.externaltools.gnu-tools-for-stm32.10.3-2021.10.macos64_1.0.0.202111181127/tools/bin/../lib/gcc/arm-none-eabi/10.3.1/../../../../arm-none-eabi/lib/thumb/v7e-m+fp/hard/libc_nano.a(lib_a-impure.o)
 .ARM.attributes
                0x000000000000075b       0x34 /Applications/STM32CubeIDE.app/Contents/Eclipse/plugins/com.st.stm32cube.ide.mcu.externaltools.gnu-tools-for-stm32.10.3-2021.10.macos64_1.0.0.202111181127/tools/bin/../lib/gcc/arm-none-eabi/10.3.1/../../../../arm-none-eabi/lib/thumb/v7e-m+fp/hard/libc_nano.a(lib_a-init.o)
 .ARM.attributes
                0x000000000000078f       0x34 /Applications/STM32CubeIDE.app/Contents/Eclipse/plugins/com.st.stm32cube.ide.mcu.externaltools.gnu-tools-for-stm32.10.3-2021.10.macos64_1.0.0.202111181127/tools/bin/../lib/gcc/arm-none-eabi/10.3.1/../../../../arm-none-eabi/lib/thumb/v7e-m+fp/hard/libc_nano.a(lib_a-memcpy-stub.o)
 .ARM.attributes
                0x00000000000007c3       0x34 /Applications/STM32CubeIDE.app/Contents/Eclipse/plugins/com.st.stm32cube.ide.mcu.externaltools.gnu-tools-for-stm32.10.3-2021.10.macos64_1.0.0.202111181127/tools/bin/../lib/gcc/arm-none-eabi/10.3.1/../../../../arm-none-eabi/lib/thumb/v7e-m+fp/hard/libc_nano.a(lib_a-memset.o)
 .ARM.attributes
                0x00000000000007f7       0x34 /Applications/STM32CubeIDE.app/Contents/Eclipse/plugins/com.st.stm32cube.ide.mcu.externaltools.gnu-tools-for-stm32.10.3-2021.10.macos64_1.0.0.202111181127/tools/bin/../lib/gcc/arm-none-eabi/10.3.1/../../../../arm-none-eabi/lib/thumb/v7e-m+fp/hard/libc_nano.a(lib_a-sprintf.o)
 .ARM.attributes
                0x000000000000082b       0x17 /Applications/STM32CubeIDE.app/Contents/Eclipse/plugins/com.st.stm32cube.ide.mcu.externaltools.gnu-tools-for-stm32.10.3-2021.10.macos64_1.0.0.202111181127/tools/bin/../lib/gcc/arm-none-eabi/10.3.1/../../../../arm-none-eabi/lib/thumb/v7e-m+fp/hard/libc_nano.a(lib_a-strlen.o)
 .ARM.attributes
                0x0000000000000842       0x34 /Applications/STM32CubeIDE.app/Contents/Eclipse/plugins/com.st.stm32cube.ide.mcu.externaltools.gnu-tools-for-stm32.10.3-2021.10.macos64_1.0.0.202111181127/tools/bin/../lib/gcc/arm-none-eabi/10.3.1/../../../../arm-none-eabi/lib/thumb/v7e-m+fp/hard/libc_nano.a(lib_a-nano-svfprintf.o)
 .ARM.attributes
                0x0000000000000876       0x34 /Applications/STM32CubeIDE.app/Contents/Eclipse/plugins/com.st.stm32cube.ide.mcu.externaltools.gnu-tools-for-stm32.10.3-2021.10.macos64_1.0.0.202111181127/tools/bin/../lib/gcc/arm-none-eabi/10.3.1/../../../../arm-none-eabi/lib/thumb/v7e-m+fp/hard/libc_nano.a(lib_a-nano-vfprintf_i.o)
 .ARM.attributes
                0x00000000000008aa       0x1c /Applications/STM32CubeIDE.app/Contents/Eclipse/plugins/com.st.stm32cube.ide.mcu.externaltools.gnu-tools-for-stm32.10.3-2021.10.macos64_1.0.0.202111181127/tools/bin/../lib/gcc/arm-none-eabi/10.3.1/../../../../arm-none-eabi/lib/thumb/v7e-m+fp/hard/libc_nano.a(lib_a-memchr.o)
 .ARM.attributes
                0x00000000000008c6       0x34 /Applications/STM32CubeIDE.app/Contents/Eclipse/plugins/com.st.stm32cube.ide.mcu.externaltools.gnu-tools-for-stm32.10.3-2021.10.macos64_1.0.0.202111181127/tools/bin/../lib/gcc/arm-none-eabi/10.3.1/../../../../arm-none-eabi/lib/thumb/v7e-m+fp/hard/libc_nano.a(lib_a-memmove.o)
 .ARM.attributes
                0x00000000000008fa       0x34 /Applications/STM32CubeIDE.app/Contents/Eclipse/plugins/com.st.stm32cube.ide.mcu.externaltools.gnu-tools-for-stm32.10.3-2021.10.macos64_1.0.0.202111181127/tools/bin/../lib/gcc/arm-none-eabi/10.3.1/../../../../arm-none-eabi/lib/thumb/v7e-m+fp/hard/libc_nano.a(lib_a-nano-freer.o)
 .ARM.attributes
                0x000000000000092e       0x34 /Applications/STM32CubeIDE.app/Contents/Eclipse/plugins/com.st.stm32cube.ide.mcu.externaltools.gnu-tools-for-stm32.10.3-2021.10.macos64_1.0.0.202111181127/tools/bin/../lib/gcc/arm-none-eabi/10.3.1/../../../../arm-none-eabi/lib/thumb/v7e-m+fp/hard/libc_nano.a(lib_a-nano-mallocr.o)
 .ARM.attributes
                0x0000000000000962       0x34 /Applications/STM32CubeIDE.app/Contents/Eclipse/plugins/com.st.stm32cube.ide.mcu.externaltools.gnu-tools-for-stm32.10.3-2021.10.macos64_1.0.0.202111181127/tools/bin/../lib/gcc/arm-none-eabi/10.3.1/../../../../arm-none-eabi/lib/thumb/v7e-m+fp/hard/libc_nano.a(lib_a-nano-reallocr.o)
 .ARM.attributes
                0x0000000000000996       0x34 /Applications/STM32CubeIDE.app/Contents/Eclipse/plugins/com.st.stm32cube.ide.mcu.externaltools.gnu-tools-for-stm32.10.3-2021.10.macos64_1.0.0.202111181127/tools/bin/../lib/gcc/arm-none-eabi/10.3.1/../../../../arm-none-eabi/lib/thumb/v7e-m+fp/hard/libc_nano.a(lib_a-sbrkr.o)
 .ARM.attributes
                0x00000000000009ca       0x34 /Applications/STM32CubeIDE.app/Contents/Eclipse/plugins/com.st.stm32cube.ide.mcu.externaltools.gnu-tools-for-stm32.10.3-2021.10.macos64_1.0.0.202111181127/tools/bin/../lib/gcc/arm-none-eabi/10.3.1/../../../../arm-none-eabi/lib/thumb/v7e-m+fp/hard/libc_nano.a(lib_a-mlock.o)
 .ARM.attributes
                0x00000000000009fe       0x34 /Applications/STM32CubeIDE.app/Contents/Eclipse/plugins/com.st.stm32cube.ide.mcu.externaltools.gnu-tools-for-stm32.10.3-2021.10.macos64_1.0.0.202111181127/tools/bin/../lib/gcc/arm-none-eabi/10.3.1/../../../../arm-none-eabi/lib/thumb/v7e-m+fp/hard/libc_nano.a(lib_a-nano-msizer.o)
 .ARM.attributes
                0x0000000000000a32       0x34 /Applications/STM32CubeIDE.app/Contents/Eclipse/plugins/com.st.stm32cube.ide.mcu.externaltools.gnu-tools-for-stm32.10.3-2021.10.macos64_1.0.0.202111181127/tools/bin/../lib/gcc/arm-none-eabi/10.3.1/../../../../arm-none-eabi/lib/thumb/v7e-m+fp/hard/libc_nano.a(lib_a-reent.o)
 .ARM.attributes
                0x0000000000000a66       0x34 /Applications/STM32CubeIDE.app/Contents/Eclipse/plugins/com.st.stm32cube.ide.mcu.externaltools.gnu-tools-for-stm32.10.3-2021.10.macos64_1.0.0.202111181127/tools/bin/../lib/gcc/arm-none-eabi/10.3.1/../../../../arm-none-eabi/lib/thumb/v7e-m+fp/hard/libc_nano.a(lib_a-lock.o)
 .ARM.attributes
                0x0000000000000a9a       0x1e /Applications/STM32CubeIDE.app/Contents/Eclipse/plugins/com.st.stm32cube.ide.mcu.externaltools.gnu-tools-for-stm32.10.3-2021.10.macos64_1.0.0.202111181127/tools/bin/../lib/gcc/arm-none-eabi/10.3.1/thumb/v7e-m+fp/hard/libgcc.a(_aeabi_uldivmod.o)
 .ARM.attributes
                0x0000000000000ab8       0x34 /Applications/STM32CubeIDE.app/Contents/Eclipse/plugins/com.st.stm32cube.ide.mcu.externaltools.gnu-tools-for-stm32.10.3-2021.10.macos64_1.0.0.202111181127/tools/bin/../lib/gcc/arm-none-eabi/10.3.1/thumb/v7e-m+fp/hard/libgcc.a(_udivmoddi4.o)
 .ARM.attributes
                0x0000000000000aec       0x1e /Applications/STM32CubeIDE.app/Contents/Eclipse/plugins/com.st.stm32cube.ide.mcu.externaltools.gnu-tools-for-stm32.10.3-2021.10.macos64_1.0.0.202111181127/tools/bin/../lib/gcc/arm-none-eabi/10.3.1/thumb/v7e-m+fp/hard/libgcc.a(_dvmd_tls.o)
 .ARM.attributes
                0x0000000000000b0a       0x1e /Applications/STM32CubeIDE.app/Contents/Eclipse/plugins/com.st.stm32cube.ide.mcu.externaltools.gnu-tools-for-stm32.10.3-2021.10.macos64_1.0.0.202111181127/tools/bin/../lib/gcc/arm-none-eabi/10.3.1/thumb/v7e-m+fp/hard/crtn.o
OUTPUT(LAB7.elf elf32-littlearm)
LOAD linker stubs
LOAD /Applications/STM32CubeIDE.app/Contents/Eclipse/plugins/com.st.stm32cube.ide.mcu.externaltools.gnu-tools-for-stm32.10.3-2021.10.macos64_1.0.0.202111181127/tools/bin/../lib/gcc/arm-none-eabi/10.3.1/../../../../arm-none-eabi/lib/thumb/v7e-m+fp/hard/libc.a
LOAD /Applications/STM32CubeIDE.app/Contents/Eclipse/plugins/com.st.stm32cube.ide.mcu.externaltools.gnu-tools-for-stm32.10.3-2021.10.macos64_1.0.0.202111181127/tools/bin/../lib/gcc/arm-none-eabi/10.3.1/../../../../arm-none-eabi/lib/thumb/v7e-m+fp/hard/libm.a
LOAD /Applications/STM32CubeIDE.app/Contents/Eclipse/plugins/com.st.stm32cube.ide.mcu.externaltools.gnu-tools-for-stm32.10.3-2021.10.macos64_1.0.0.202111181127/tools/bin/../lib/gcc/arm-none-eabi/10.3.1/thumb/v7e-m+fp/hard/libgcc.a

.debug_info     0x0000000000000000    0x1f167
 .debug_info    0x0000000000000000      0xb99 ./Drivers/STM32L4xx_HAL_Driver/Src/stm32l4xx_hal.o
 .debug_info    0x0000000000000b99      0xe3f ./Drivers/STM32L4xx_HAL_Driver/Src/stm32l4xx_hal_cortex.o
 .debug_info    0x00000000000019d8      0x859 ./Drivers/STM32L4xx_HAL_Driver/Src/stm32l4xx_hal_gpio.o
 .debug_info    0x0000000000002231     0x234c ./Drivers/STM32L4xx_HAL_Driver/Src/stm32l4xx_hal_i2c.o
 .debug_info    0x000000000000457d      0xba5 ./Drivers/STM32L4xx_HAL_Driver/Src/stm32l4xx_hal_i2c_ex.o
 .debug_info    0x0000000000005122      0xa5e ./Drivers/STM32L4xx_HAL_Driver/Src/stm32l4xx_hal_pwr_ex.o
 .debug_info    0x0000000000005b80      0xe19 ./Drivers/STM32L4xx_HAL_Driver/Src/stm32l4xx_hal_rcc.o
 .debug_info    0x0000000000006999     0x11f3 ./Drivers/STM32L4xx_HAL_Driver/Src/stm32l4xx_hal_rcc_ex.o
 .debug_info    0x0000000000007b8c     0x2e1e ./Drivers/STM32L4xx_HAL_Driver/Src/stm32l4xx_hal_tim.o
 .debug_info    0x000000000000a9aa     0x1905 ./Drivers/STM32L4xx_HAL_Driver/Src/stm32l4xx_hal_tim_ex.o
 .debug_info    0x000000000000c2af     0x4996 ./Drivers/STM32L4xx_HAL_Driver/Src/stm32l4xx_hal_uart.o
 .debug_info    0x0000000000010c45     0x106a ./Drivers/STM32L4xx_HAL_Driver/Src/stm32l4xx_hal_uart_ex.o
 .debug_info    0x0000000000011caf     0x1c43 ./Middlewares/Third_Party/FreeRTOS/Source/CMSIS_RTOS/cmsis_os.o
 .debug_info    0x00000000000138f2      0x2d1 ./Middlewares/Third_Party/FreeRTOS/Source/list.o
 .debug_info    0x0000000000013bc3     0x1de4 ./Middlewares/Third_Party/FreeRTOS/Source/tasks.o
 .debug_info    0x00000000000159a7      0x507 ./Middlewares/Third_Party/FreeRTOS/Source/portable/GCC/ARM_CM4F/port.o
 .debug_info    0x0000000000015eae      0x50b ./Middlewares/Third_Party/FreeRTOS/Source/portable/MemMang/heap_4.o
 .debug_info    0x00000000000163b9      0x294 ./Src/freertos.o
 .debug_info    0x000000000001664d      0x3ec ./Src/lis3mdl.o
 .debug_info    0x0000000000016a39      0x488 ./Src/lps22hb.o
 .debug_info    0x0000000000016ec1      0x5f8 ./Src/lsm6dsl.o
 .debug_info    0x00000000000174b9     0x1fe2 ./Src/main.o
 .debug_info    0x000000000001949b     0x1dd1 ./Src/stm32l4s5i_iot01.o
 .debug_info    0x000000000001b26c      0x357 ./Src/stm32l4s5i_iot01_accelero.o
 .debug_info    0x000000000001b5c3      0x341 ./Src/stm32l4s5i_iot01_gyro.o
 .debug_info    0x000000000001b904      0x32a ./Src/stm32l4s5i_iot01_magneto.o
 .debug_info    0x000000000001bc2e      0x1d0 ./Src/stm32l4s5i_iot01_psensor.o
 .debug_info    0x000000000001bdfe     0x150d ./Src/stm32l4xx_hal_msp.o
 .debug_info    0x000000000001d30b      0xe4f ./Src/stm32l4xx_hal_timebase_tim.o
 .debug_info    0x000000000001e15a      0x87c ./Src/stm32l4xx_it.o
 .debug_info    0x000000000001e9d6      0x171 ./Src/sysmem.o
 .debug_info    0x000000000001eb47      0x5fe ./Src/system_stm32l4xx.o
 .debug_info    0x000000000001f145       0x22 ./Startup/startup_stm32l4s5vitx.o

.debug_abbrev   0x0000000000000000     0x4169
 .debug_abbrev  0x0000000000000000      0x23a ./Drivers/STM32L4xx_HAL_Driver/Src/stm32l4xx_hal.o
 .debug_abbrev  0x000000000000023a      0x316 ./Drivers/STM32L4xx_HAL_Driver/Src/stm32l4xx_hal_cortex.o
 .debug_abbrev  0x0000000000000550      0x1bb ./Drivers/STM32L4xx_HAL_Driver/Src/stm32l4xx_hal_gpio.o
 .debug_abbrev  0x000000000000070b      0x243 ./Drivers/STM32L4xx_HAL_Driver/Src/stm32l4xx_hal_i2c.o
 .debug_abbrev  0x000000000000094e      0x1b0 ./Drivers/STM32L4xx_HAL_Driver/Src/stm32l4xx_hal_i2c_ex.o
 .debug_abbrev  0x0000000000000afe      0x1f3 ./Drivers/STM32L4xx_HAL_Driver/Src/stm32l4xx_hal_pwr_ex.o
 .debug_abbrev  0x0000000000000cf1      0x2f9 ./Drivers/STM32L4xx_HAL_Driver/Src/stm32l4xx_hal_rcc.o
 .debug_abbrev  0x0000000000000fea      0x299 ./Drivers/STM32L4xx_HAL_Driver/Src/stm32l4xx_hal_rcc_ex.o
 .debug_abbrev  0x0000000000001283      0x264 ./Drivers/STM32L4xx_HAL_Driver/Src/stm32l4xx_hal_tim.o
 .debug_abbrev  0x00000000000014e7      0x26c ./Drivers/STM32L4xx_HAL_Driver/Src/stm32l4xx_hal_tim_ex.o
 .debug_abbrev  0x0000000000001753      0x2f0 ./Drivers/STM32L4xx_HAL_Driver/Src/stm32l4xx_hal_uart.o
 .debug_abbrev  0x0000000000001a43      0x2bd ./Drivers/STM32L4xx_HAL_Driver/Src/stm32l4xx_hal_uart_ex.o
 .debug_abbrev  0x0000000000001d00      0x3aa ./Middlewares/Third_Party/FreeRTOS/Source/CMSIS_RTOS/cmsis_os.o
 .debug_abbrev  0x00000000000020aa       0xf2 ./Middlewares/Third_Party/FreeRTOS/Source/list.o
 .debug_abbrev  0x000000000000219c      0x34e ./Middlewares/Third_Party/FreeRTOS/Source/tasks.o
 .debug_abbrev  0x00000000000024ea      0x259 ./Middlewares/Third_Party/FreeRTOS/Source/portable/GCC/ARM_CM4F/port.o
 .debug_abbrev  0x0000000000002743      0x212 ./Middlewares/Third_Party/FreeRTOS/Source/portable/MemMang/heap_4.o
 .debug_abbrev  0x0000000000002955       0xcd ./Src/freertos.o
 .debug_abbrev  0x0000000000002a22      0x188 ./Src/lis3mdl.o
 .debug_abbrev  0x0000000000002baa      0x194 ./Src/lps22hb.o
 .debug_abbrev  0x0000000000002d3e      0x1f3 ./Src/lsm6dsl.o
 .debug_abbrev  0x0000000000002f31      0x34e ./Src/main.o
 .debug_abbrev  0x000000000000327f      0x302 ./Src/stm32l4s5i_iot01.o
 .debug_abbrev  0x0000000000003581      0x144 ./Src/stm32l4s5i_iot01_accelero.o
 .debug_abbrev  0x00000000000036c5      0x144 ./Src/stm32l4s5i_iot01_gyro.o
 .debug_abbrev  0x0000000000003809      0x144 ./Src/stm32l4s5i_iot01_magneto.o
 .debug_abbrev  0x000000000000394d      0x109 ./Src/stm32l4s5i_iot01_psensor.o
 .debug_abbrev  0x0000000000003a56      0x1d9 ./Src/stm32l4xx_hal_msp.o
 .debug_abbrev  0x0000000000003c2f      0x1e6 ./Src/stm32l4xx_hal_timebase_tim.o
 .debug_abbrev  0x0000000000003e15      0x171 ./Src/stm32l4xx_it.o
 .debug_abbrev  0x0000000000003f86       0xbb ./Src/sysmem.o
 .debug_abbrev  0x0000000000004041      0x116 ./Src/system_stm32l4xx.o
 .debug_abbrev  0x0000000000004157       0x12 ./Startup/startup_stm32l4s5vitx.o

.debug_aranges  0x0000000000000000     0x1a48
 .debug_aranges
                0x0000000000000000      0x130 ./Drivers/STM32L4xx_HAL_Driver/Src/stm32l4xx_hal.o
 .debug_aranges
                0x0000000000000130      0x118 ./Drivers/STM32L4xx_HAL_Driver/Src/stm32l4xx_hal_cortex.o
 .debug_aranges
                0x0000000000000248       0x58 ./Drivers/STM32L4xx_HAL_Driver/Src/stm32l4xx_hal_gpio.o
 .debug_aranges
                0x00000000000002a0      0x2a0 ./Drivers/STM32L4xx_HAL_Driver/Src/stm32l4xx_hal_i2c.o
 .debug_aranges
                0x0000000000000540       0x48 ./Drivers/STM32L4xx_HAL_Driver/Src/stm32l4xx_hal_i2c_ex.o
 .debug_aranges
                0x0000000000000588      0x170 ./Drivers/STM32L4xx_HAL_Driver/Src/stm32l4xx_hal_pwr_ex.o
 .debug_aranges
                0x00000000000006f8       0x98 ./Drivers/STM32L4xx_HAL_Driver/Src/stm32l4xx_hal_rcc.o
 .debug_aranges
                0x0000000000000790      0x110 ./Drivers/STM32L4xx_HAL_Driver/Src/stm32l4xx_hal_rcc_ex.o
 .debug_aranges
                0x00000000000008a0      0x3e0 ./Drivers/STM32L4xx_HAL_Driver/Src/stm32l4xx_hal_tim.o
 .debug_aranges
                0x0000000000000c80      0x180 ./Drivers/STM32L4xx_HAL_Driver/Src/stm32l4xx_hal_tim_ex.o
 .debug_aranges
                0x0000000000000e00      0x248 ./Drivers/STM32L4xx_HAL_Driver/Src/stm32l4xx_hal_uart.o
 .debug_aranges
                0x0000000000001048       0xa0 ./Drivers/STM32L4xx_HAL_Driver/Src/stm32l4xx_hal_uart_ex.o
 .debug_aranges
                0x00000000000010e8      0x1d8 ./Middlewares/Third_Party/FreeRTOS/Source/CMSIS_RTOS/cmsis_os.o
 .debug_aranges
                0x00000000000012c0       0x40 ./Middlewares/Third_Party/FreeRTOS/Source/list.o
 .debug_aranges
                0x0000000000001300      0x1b8 ./Middlewares/Third_Party/FreeRTOS/Source/tasks.o
 .debug_aranges
                0x00000000000014b8       0x80 ./Middlewares/Third_Party/FreeRTOS/Source/portable/GCC/ARM_CM4F/port.o
 .debug_aranges
                0x0000000000001538       0x58 ./Middlewares/Third_Party/FreeRTOS/Source/portable/MemMang/heap_4.o
 .debug_aranges
                0x0000000000001590       0x20 ./Src/freertos.o
 .debug_aranges
                0x00000000000015b0       0x40 ./Src/lis3mdl.o
 .debug_aranges
                0x00000000000015f0       0x48 ./Src/lps22hb.o
 .debug_aranges
                0x0000000000001638       0x68 ./Src/lsm6dsl.o
 .debug_aranges
                0x00000000000016a0       0x78 ./Src/main.o
 .debug_aranges
                0x0000000000001718      0x120 ./Src/stm32l4s5i_iot01.o
 .debug_aranges
                0x0000000000001838       0x38 ./Src/stm32l4s5i_iot01_accelero.o
 .debug_aranges
                0x0000000000001870       0x38 ./Src/stm32l4s5i_iot01_gyro.o
 .debug_aranges
                0x00000000000018a8       0x38 ./Src/stm32l4s5i_iot01_magneto.o
 .debug_aranges
                0x00000000000018e0       0x30 ./Src/stm32l4s5i_iot01_psensor.o
 .debug_aranges
                0x0000000000001910       0x40 ./Src/stm32l4xx_hal_msp.o